Archive member included to satisfy reference by file (symbol)

/usr/lib/gcc/arm-none-eabi/10.3.1/../../../arm-none-eabi/lib/thumb/v7e-m+fp/hard/libc_nano.a(lib_a-atexit.o)
                              /usr/lib/gcc/arm-none-eabi/10.3.1/../../../arm-none-eabi/lib/thumb/v7e-m+fp/hard/crt0.o (atexit)
/usr/lib/gcc/arm-none-eabi/10.3.1/../../../arm-none-eabi/lib/thumb/v7e-m+fp/hard/libc_nano.a(lib_a-exit.o)
                              /usr/lib/gcc/arm-none-eabi/10.3.1/../../../arm-none-eabi/lib/thumb/v7e-m+fp/hard/crt0.o (exit)
/usr/lib/gcc/arm-none-eabi/10.3.1/../../../arm-none-eabi/lib/thumb/v7e-m+fp/hard/libc_nano.a(lib_a-fini.o)
                              /usr/lib/gcc/arm-none-eabi/10.3.1/../../../arm-none-eabi/lib/thumb/v7e-m+fp/hard/crt0.o (__libc_fini_array)
/usr/lib/gcc/arm-none-eabi/10.3.1/../../../arm-none-eabi/lib/thumb/v7e-m+fp/hard/libc_nano.a(lib_a-impure.o)
                              /usr/lib/gcc/arm-none-eabi/10.3.1/../../../arm-none-eabi/lib/thumb/v7e-m+fp/hard/libc_nano.a(lib_a-exit.o) (_global_impure_ptr)
/usr/lib/gcc/arm-none-eabi/10.3.1/../../../arm-none-eabi/lib/thumb/v7e-m+fp/hard/libc_nano.a(lib_a-init.o)
                              /usr/lib/gcc/arm-none-eabi/10.3.1/../../../arm-none-eabi/lib/thumb/v7e-m+fp/hard/crt0.o (__libc_init_array)
/usr/lib/gcc/arm-none-eabi/10.3.1/../../../arm-none-eabi/lib/thumb/v7e-m+fp/hard/libc_nano.a(lib_a-memset.o)
                              /usr/lib/gcc/arm-none-eabi/10.3.1/../../../arm-none-eabi/lib/thumb/v7e-m+fp/hard/crt0.o (memset)
/usr/lib/gcc/arm-none-eabi/10.3.1/../../../arm-none-eabi/lib/thumb/v7e-m+fp/hard/libc_nano.a(lib_a-__atexit.o)
                              /usr/lib/gcc/arm-none-eabi/10.3.1/../../../arm-none-eabi/lib/thumb/v7e-m+fp/hard/libc_nano.a(lib_a-atexit.o) (__register_exitproc)
/usr/lib/gcc/arm-none-eabi/10.3.1/../../../arm-none-eabi/lib/thumb/v7e-m+fp/hard/libc_nano.a(lib_a-__call_atexit.o)
                              /usr/lib/gcc/arm-none-eabi/10.3.1/../../../arm-none-eabi/lib/thumb/v7e-m+fp/hard/libc_nano.a(lib_a-__atexit.o) (__call_exitprocs)
/usr/lib/gcc/arm-none-eabi/10.3.1/../../../arm-none-eabi/lib/thumb/v7e-m+fp/hard/libnosys.a(_exit.o)
                              /usr/lib/gcc/arm-none-eabi/10.3.1/../../../arm-none-eabi/lib/thumb/v7e-m+fp/hard/libc_nano.a(lib_a-exit.o) (_exit)
/usr/lib/gcc/arm-none-eabi/10.3.1/thumb/v7e-m+fp/hard/libgcc.a(_aeabi_uldivmod.o)
                              Objects/stm32f4xx_hal_rcc.o (__aeabi_uldivmod)
/usr/lib/gcc/arm-none-eabi/10.3.1/thumb/v7e-m+fp/hard/libgcc.a(_udivmoddi4.o)
                              /usr/lib/gcc/arm-none-eabi/10.3.1/thumb/v7e-m+fp/hard/libgcc.a(_aeabi_uldivmod.o) (__udivmoddi4)
/usr/lib/gcc/arm-none-eabi/10.3.1/thumb/v7e-m+fp/hard/libgcc.a(_dvmd_tls.o)
                              /usr/lib/gcc/arm-none-eabi/10.3.1/thumb/v7e-m+fp/hard/libgcc.a(_aeabi_uldivmod.o) (__aeabi_ldiv0)

Discarded input sections

 .text          0x0000000000000000        0x0 /usr/lib/gcc/arm-none-eabi/10.3.1/thumb/v7e-m+fp/hard/crti.o
 .data          0x0000000000000000        0x0 /usr/lib/gcc/arm-none-eabi/10.3.1/thumb/v7e-m+fp/hard/crti.o
 .bss           0x0000000000000000        0x0 /usr/lib/gcc/arm-none-eabi/10.3.1/thumb/v7e-m+fp/hard/crti.o
 .data          0x0000000000000000        0x4 /usr/lib/gcc/arm-none-eabi/10.3.1/thumb/v7e-m+fp/hard/crtbegin.o
 .rodata        0x0000000000000000       0x24 /usr/lib/gcc/arm-none-eabi/10.3.1/thumb/v7e-m+fp/hard/crtbegin.o
 .text          0x0000000000000000       0x70 /usr/lib/gcc/arm-none-eabi/10.3.1/../../../arm-none-eabi/lib/thumb/v7e-m+fp/hard/crt0.o
 .data          0x0000000000000000        0x0 /usr/lib/gcc/arm-none-eabi/10.3.1/../../../arm-none-eabi/lib/thumb/v7e-m+fp/hard/crt0.o
 .bss           0x0000000000000000        0x0 /usr/lib/gcc/arm-none-eabi/10.3.1/../../../arm-none-eabi/lib/thumb/v7e-m+fp/hard/crt0.o
 .ARM.extab     0x0000000000000000        0x0 /usr/lib/gcc/arm-none-eabi/10.3.1/../../../arm-none-eabi/lib/thumb/v7e-m+fp/hard/crt0.o
 .ARM.exidx     0x0000000000000000       0x10 /usr/lib/gcc/arm-none-eabi/10.3.1/../../../arm-none-eabi/lib/thumb/v7e-m+fp/hard/crt0.o
 .debug_line    0x0000000000000000       0x87 /usr/lib/gcc/arm-none-eabi/10.3.1/../../../arm-none-eabi/lib/thumb/v7e-m+fp/hard/crt0.o
 .debug_info    0x0000000000000000       0x26 /usr/lib/gcc/arm-none-eabi/10.3.1/../../../arm-none-eabi/lib/thumb/v7e-m+fp/hard/crt0.o
 .debug_abbrev  0x0000000000000000       0x14 /usr/lib/gcc/arm-none-eabi/10.3.1/../../../arm-none-eabi/lib/thumb/v7e-m+fp/hard/crt0.o
 .debug_aranges
                0x0000000000000000       0x20 /usr/lib/gcc/arm-none-eabi/10.3.1/../../../arm-none-eabi/lib/thumb/v7e-m+fp/hard/crt0.o
 .debug_str     0x0000000000000000       0x98 /usr/lib/gcc/arm-none-eabi/10.3.1/../../../arm-none-eabi/lib/thumb/v7e-m+fp/hard/crt0.o
 .ARM.attributes
                0x0000000000000000       0x1c /usr/lib/gcc/arm-none-eabi/10.3.1/../../../arm-none-eabi/lib/thumb/v7e-m+fp/hard/crt0.o
[...]
Memory Configuration

Name             Origin             Length             Attributes
RAM              0x0000000020000000 0x0000000000020000 xrw
CCMRAM           0x0000000010000000 0x0000000000010000 xrw
FLASH            0x0000000008000000 0x0000000000100000 xr
*default*        0x0000000000000000 0xffffffffffffffff

Linker script and memory map

LOAD /usr/lib/gcc/arm-none-eabi/10.3.1/thumb/v7e-m+fp/hard/crti.o
LOAD /usr/lib/gcc/arm-none-eabi/10.3.1/thumb/v7e-m+fp/hard/crtbegin.o
LOAD /usr/lib/gcc/arm-none-eabi/10.3.1/../../../arm-none-eabi/lib/thumb/v7e-m+fp/hard/crt0.o
LOAD Objects/main.o
LOAD Objects/gpio.o
LOAD Objects/adc.o
LOAD Objects/i2c.o
LOAD Objects/tim.o
LOAD Objects/usart.o
LOAD Objects/stm32f4xx_it.o
LOAD Objects/stm32f4xx_hal_msp.o
LOAD Objects/stm32f4xx_hal_adc.o
LOAD Objects/stm32f4xx_hal_adc_ex.o
LOAD Objects/stm32f4xx_ll_adc.o
LOAD Objects/stm32f4xx_hal_rcc.o
LOAD Objects/stm32f4xx_hal_rcc_ex.o
LOAD Objects/stm32f4xx_hal_flash.o
LOAD Objects/stm32f4xx_hal_flash_ex.o
LOAD Objects/stm32f4xx_hal_flash_ramfunc.o
LOAD Objects/stm32f4xx_hal_gpio.o
LOAD Objects/stm32f4xx_hal_dma_ex.o
LOAD Objects/stm32f4xx_hal_dma.o
LOAD Objects/stm32f4xx_hal_pwr.o
LOAD Objects/stm32f4xx_hal_pwr_ex.o
LOAD Objects/stm32f4xx_hal_cortex.o
LOAD Objects/stm32f4xx_hal.o
LOAD Objects/stm32f4xx_hal_exti.o
LOAD Objects/stm32f4xx_hal_i2c.o
LOAD Objects/stm32f4xx_hal_i2c_ex.o
LOAD Objects/stm32f4xx_hal_tim.o
LOAD Objects/stm32f4xx_hal_tim_ex.o
LOAD Objects/stm32f4xx_hal_uart.o
LOAD Objects/system_stm32f4xx.o
LOAD Objects/startup_stm32f407xx.o
LOAD /usr/lib/gcc/arm-none-eabi/10.3.1/../../../arm-none-eabi/lib/thumb/v7e-m+fp/hard/libc_nano.a
LOAD /usr/lib/gcc/arm-none-eabi/10.3.1/../../../arm-none-eabi/lib/thumb/v7e-m+fp/hard/libm.a
LOAD /usr/lib/gcc/arm-none-eabi/10.3.1/../../../arm-none-eabi/lib/thumb/v7e-m+fp/hard/libnosys.a
START GROUP
LOAD /usr/lib/gcc/arm-none-eabi/10.3.1/thumb/v7e-m+fp/hard/libgcc.a
LOAD /usr/lib/gcc/arm-none-eabi/10.3.1/../../../arm-none-eabi/lib/thumb/v7e-m+fp/hard/libc_nano.a
END GROUP
START GROUP
LOAD /usr/lib/gcc/arm-none-eabi/10.3.1/thumb/v7e-m+fp/hard/libgcc.a
LOAD /usr/lib/gcc/arm-none-eabi/10.3.1/../../../arm-none-eabi/lib/thumb/v7e-m+fp/hard/libc_nano.a
END GROUP
LOAD /usr/lib/gcc/arm-none-eabi/10.3.1/thumb/v7e-m+fp/hard/crtend.o
LOAD /usr/lib/gcc/arm-none-eabi/10.3.1/thumb/v7e-m+fp/hard/crtn.o
                0x0000000020020000                _estack = (ORIGIN (RAM) + LENGTH (RAM))
                0x0000000000000200                _Min_Heap_Size = 0x200
                0x0000000000000400                _Min_Stack_Size = 0x400

.isr_vector     0x0000000008000000      0x188
                0x0000000008000000                . = ALIGN (0x4)
 *(.isr_vector)
 .isr_vector    0x0000000008000000      0x188 Objects/startup_stm32f407xx.o
                0x0000000008000000                g_pfnVectors
                0x0000000008000188                . = ALIGN (0x4)

.text           0x0000000008000188     0x2a54
                0x0000000008000188                . = ALIGN (0x4)
 *(.text)
 .text          0x0000000008000188       0x88 /usr/lib/gcc/arm-none-eabi/10.3.1/thumb/v7e-m+fp/hard/crtbegin.o
 .text          0x0000000008000210       0x48 /usr/lib/gcc/arm-none-eabi/10.3.1/../../../arm-none-eabi/lib/thumb/v7e-m+fp/hard/libc_nano.a(lib_a-init.o)
                0x0000000008000210                __libc_init_array
 .text          0x0000000008000258       0xa4 /usr/lib/gcc/arm-none-eabi/10.3.1/../../../arm-none-eabi/lib/thumb/v7e-m+fp/hard/libc_nano.a(lib_a-memset.o)
                0x0000000008000258                memset
 .text          0x00000000080002fc       0x30 /usr/lib/gcc/arm-none-eabi/10.3.1/thumb/v7e-m+fp/hard/libgcc.a(_aeabi_uldivmod.o)
                0x00000000080002fc                __aeabi_uldivmod
 .text          0x000000000800032c      0x2d0 /usr/lib/gcc/arm-none-eabi/10.3.1/thumb/v7e-m+fp/hard/libgcc.a(_udivmoddi4.o)
                0x000000000800032c                __udivmoddi4
 .text          0x00000000080005fc        0x4 /usr/lib/gcc/arm-none-eabi/10.3.1/thumb/v7e-m+fp/hard/libgcc.a(_dvmd_tls.o)
                0x00000000080005fc                __aeabi_ldiv0
                0x00000000080005fc                __aeabi_idiv0
 *(.text*)
 .text.Error_Handler
                0x0000000008000600        0x4 Objects/main.o
                0x0000000008000600                Error_Handler
 .text.SystemClock_Config
                0x0000000008000604       0xa4 Objects/main.o
                0x0000000008000604                SystemClock_Config
 .text.main     0x00000000080006a8       0x30 Objects/main.o
                0x00000000080006a8                main
 .text.MX_GPIO_Init
                0x00000000080006d8       0xdc Objects/gpio.o
                0x00000000080006d8                MX_GPIO_Init
 .text.MX_ADC1_Init
                0x00000000080007b4       0x70 Objects/adc.o
                0x00000000080007b4                MX_ADC1_Init
 .text.HAL_ADC_MspInit
                0x0000000008000824       0x68 Objects/adc.o
                0x0000000008000824                HAL_ADC_MspInit
 .text.MX_I2C1_Init
                0x000000000800088c       0x3c Objects/i2c.o
                0x000000000800088c                MX_I2C1_Init
 .text.MX_I2C3_Init
                0x00000000080008c8       0x3c Objects/i2c.o
                0x00000000080008c8                MX_I2C3_Init
 .text.HAL_I2C_MspInit
                0x0000000008000904       0xfc Objects/i2c.o
                0x0000000008000904                HAL_I2C_MspInit
 .text.MX_TIM5_Init
                0x0000000008000a00       0x74 Objects/tim.o
                0x0000000008000a00                MX_TIM5_Init
 .text.HAL_TIM_PWM_MspInit
                0x0000000008000a74       0x54 Objects/tim.o
                0x0000000008000a74                HAL_TIM_PWM_MspInit
 .text.HAL_TIM_Base_MspInit
                0x0000000008000ac8       0x40 Objects/tim.o
                0x0000000008000ac8                HAL_TIM_Base_MspInit
 .text.HAL_TIM_MspPostInit
                0x0000000008000b08       0x94 Objects/tim.o
                0x0000000008000b08                HAL_TIM_MspPostInit
 .text.MX_TIM3_Init
                0x0000000008000b9c       0xa4 Objects/tim.o
                0x0000000008000b9c                MX_TIM3_Init
 .text.MX_TIM4_Init
                0x0000000008000c40       0xa4 Objects/tim.o
                0x0000000008000c40                MX_TIM4_Init
 .text.MX_USART1_UART_Init
                0x0000000008000ce4       0x34 Objects/usart.o
                0x0000000008000ce4                MX_USART1_UART_Init
 .text.MX_USART2_UART_Init
                0x0000000008000d18       0x38 Objects/usart.o
                0x0000000008000d18                MX_USART2_UART_Init
 .text.HAL_UART_MspInit
                0x0000000008000d50       0xd0 Objects/usart.o
                0x0000000008000d50                HAL_UART_MspInit
 .text.NMI_Handler
                0x0000000008000e20        0x2 Objects/stm32f4xx_it.o
                0x0000000008000e20                NMI_Handler
 .text.HardFault_Handler
                0x0000000008000e22        0x2 Objects/stm32f4xx_it.o
                0x0000000008000e22                HardFault_Handler
 .text.MemManage_Handler
                0x0000000008000e24        0x2 Objects/stm32f4xx_it.o
                0x0000000008000e24                MemManage_Handler
 .text.BusFault_Handler
                0x0000000008000e26        0x2 Objects/stm32f4xx_it.o
                0x0000000008000e26                BusFault_Handler
 .text.UsageFault_Handler
                0x0000000008000e28        0x2 Objects/stm32f4xx_it.o
                0x0000000008000e28                UsageFault_Handler
 .text.SVC_Handler
                0x0000000008000e2a        0x2 Objects/stm32f4xx_it.o
                0x0000000008000e2a                SVC_Handler
 .text.DebugMon_Handler
                0x0000000008000e2c        0x2 Objects/stm32f4xx_it.o
                0x0000000008000e2c                DebugMon_Handler
 .text.PendSV_Handler
                0x0000000008000e2e        0x2 Objects/stm32f4xx_it.o
                0x0000000008000e2e                PendSV_Handler
 .text.SysTick_Handler
                0x0000000008000e30        0x8 Objects/stm32f4xx_it.o
                0x0000000008000e30                SysTick_Handler
 .text.USART1_IRQHandler
                0x0000000008000e38       0x10 Objects/stm32f4xx_it.o
                0x0000000008000e38                USART1_IRQHandler
 .text.TIM5_IRQHandler
                0x0000000008000e48       0x10 Objects/stm32f4xx_it.o
                0x0000000008000e48                TIM5_IRQHandler
 .text.HAL_MspInit
                0x0000000008000e58       0x38 Objects/stm32f4xx_hal_msp.o
                0x0000000008000e58                HAL_MspInit
 .text.ADC_Init
                0x0000000008000e90      0x134 Objects/stm32f4xx_hal_adc.o
 .text.HAL_ADC_Init
                0x0000000008000fc4       0x56 Objects/stm32f4xx_hal_adc.o
                0x0000000008000fc4                HAL_ADC_Init
 *fill*         0x000000000800101a        0x2 
 .text.HAL_ADC_ConfigChannel
                0x000000000800101c      0x198 Objects/stm32f4xx_hal_adc.o
                0x000000000800101c                HAL_ADC_ConfigChannel
 .text.HAL_RCC_OscConfig
                0x00000000080011b4      0x3f8 Objects/stm32f4xx_hal_rcc.o
                0x00000000080011b4                HAL_RCC_OscConfig
 .text.HAL_RCC_GetSysClockFreq
                0x00000000080015ac       0xd4 Objects/stm32f4xx_hal_rcc.o
                0x00000000080015ac                HAL_RCC_GetSysClockFreq
 .text.HAL_RCC_ClockConfig
                0x0000000008001680      0x160 Objects/stm32f4xx_hal_rcc.o
                0x0000000008001680                HAL_RCC_ClockConfig
 .text.HAL_RCC_GetHCLKFreq
                0x00000000080017e0        0xc Objects/stm32f4xx_hal_rcc.o
                0x00000000080017e0                HAL_RCC_GetHCLKFreq
 .text.HAL_RCC_GetPCLK1Freq
                0x00000000080017ec       0x20 Objects/stm32f4xx_hal_rcc.o
                0x00000000080017ec                HAL_RCC_GetPCLK1Freq
 .text.HAL_RCC_GetPCLK2Freq
                0x000000000800180c       0x20 Objects/stm32f4xx_hal_rcc.o
                0x000000000800180c                HAL_RCC_GetPCLK2Freq
 .text.HAL_GPIO_Init
                0x000000000800182c      0x1e4 Objects/stm32f4xx_hal_gpio.o
                0x000000000800182c                HAL_GPIO_Init
 .text.HAL_GPIO_WritePin
                0x0000000008001a10        0xc Objects/stm32f4xx_hal_gpio.o
                0x0000000008001a10                HAL_GPIO_WritePin
 .text.HAL_DMA_Abort
                0x0000000008001a1c       0x94 Objects/stm32f4xx_hal_dma.o
                0x0000000008001a1c                HAL_DMA_Abort
 .text.HAL_DMA_Abort_IT
                0x0000000008001ab0       0x26 Objects/stm32f4xx_hal_dma.o
                0x0000000008001ab0                HAL_DMA_Abort_IT
 *fill*         0x0000000008001ad6        0x2 
 .text.HAL_NVIC_SetPriorityGrouping
                0x0000000008001ad8       0x24 Objects/stm32f4xx_hal_cortex.o
                0x0000000008001ad8                HAL_NVIC_SetPriorityGrouping
 .text.HAL_NVIC_SetPriority
                0x0000000008001afc       0x70 Objects/stm32f4xx_hal_cortex.o
                0x0000000008001afc                HAL_NVIC_SetPriority
 .text.HAL_NVIC_EnableIRQ
                0x0000000008001b6c       0x1c Objects/stm32f4xx_hal_cortex.o
                0x0000000008001b6c                HAL_NVIC_EnableIRQ
 .text.HAL_SYSTICK_Config
                0x0000000008001b88       0x28 Objects/stm32f4xx_hal_cortex.o
                0x0000000008001b88                HAL_SYSTICK_Config
 .text.HAL_InitTick
                0x0000000008001bb0       0x4c Objects/stm32f4xx_hal.o
                0x0000000008001bb0                HAL_InitTick
 .text.HAL_Init
                0x0000000008001bfc       0x34 Objects/stm32f4xx_hal.o
                0x0000000008001bfc                HAL_Init
 .text.HAL_IncTick
                0x0000000008001c30       0x18 Objects/stm32f4xx_hal.o
                0x0000000008001c30                HAL_IncTick
 .text.HAL_GetTick
                0x0000000008001c48        0xc Objects/stm32f4xx_hal.o
                0x0000000008001c48                HAL_GetTick
 .text.HAL_I2C_Init
                0x0000000008001c54      0x1bc Objects/stm32f4xx_hal_i2c.o
                0x0000000008001c54                HAL_I2C_Init
 .text.TIM_OC1_SetConfig
                0x0000000008001e10       0x68 Objects/stm32f4xx_hal_tim.o
 .text.TIM_OC3_SetConfig
                0x0000000008001e78       0x70 Objects/stm32f4xx_hal_tim.o
 .text.TIM_OC4_SetConfig
                0x0000000008001ee8       0x50 Objects/stm32f4xx_hal_tim.o
 .text.TIM_TI1_ConfigInputStage
                0x0000000008001f38       0x26 Objects/stm32f4xx_hal_tim.o
 .text.TIM_TI2_ConfigInputStage
                0x0000000008001f5e       0x28 Objects/stm32f4xx_hal_tim.o
 .text.TIM_ITRx_SetConfig
                0x0000000008001f86       0x10 Objects/stm32f4xx_hal_tim.o
 .text.HAL_TIM_PeriodElapsedCallback
                0x0000000008001f96        0x2 Objects/stm32f4xx_hal_tim.o
                0x0000000008001f96                HAL_TIM_PeriodElapsedCallback
 .text.HAL_TIM_OC_DelayElapsedCallback
                0x0000000008001f98        0x2 Objects/stm32f4xx_hal_tim.o
                0x0000000008001f98                HAL_TIM_OC_DelayElapsedCallback
 .text.HAL_TIM_IC_CaptureCallback
                0x0000000008001f9a        0x2 Objects/stm32f4xx_hal_tim.o
                0x0000000008001f9a                HAL_TIM_IC_CaptureCallback
 .text.HAL_TIM_PWM_PulseFinishedCallback
                0x0000000008001f9c        0x2 Objects/stm32f4xx_hal_tim.o
                0x0000000008001f9c                HAL_TIM_PWM_PulseFinishedCallback
 .text.HAL_TIM_TriggerCallback
                0x0000000008001f9e        0x2 Objects/stm32f4xx_hal_tim.o
                0x0000000008001f9e                HAL_TIM_TriggerCallback
 .text.HAL_TIM_IRQHandler
                0x0000000008001fa0      0x15e Objects/stm32f4xx_hal_tim.o
                0x0000000008001fa0                HAL_TIM_IRQHandler
 *fill*         0x00000000080020fe        0x2 
 .text.TIM_Base_SetConfig
                0x0000000008002100       0xd0 Objects/stm32f4xx_hal_tim.o
                0x0000000008002100                TIM_Base_SetConfig
 .text.HAL_TIM_Base_Init
                0x00000000080021d0       0x58 Objects/stm32f4xx_hal_tim.o
                0x00000000080021d0                HAL_TIM_Base_Init
 .text.HAL_TIM_PWM_Init
                0x0000000008002228       0x58 Objects/stm32f4xx_hal_tim.o
                0x0000000008002228                HAL_TIM_PWM_Init
 .text.TIM_OC2_SetConfig
                0x0000000008002280       0x70 Objects/stm32f4xx_hal_tim.o
                0x0000000008002280                TIM_OC2_SetConfig
 .text.HAL_TIM_PWM_ConfigChannel
                0x00000000080022f0       0xdc Objects/stm32f4xx_hal_tim.o
                0x00000000080022f0                HAL_TIM_PWM_ConfigChannel
 .text.TIM_ETR_SetConfig
                0x00000000080023cc       0x1a Objects/stm32f4xx_hal_tim.o
                0x00000000080023cc                TIM_ETR_SetConfig
 .text.HAL_TIM_ConfigClockSource
                0x00000000080023e6       0xfe Objects/stm32f4xx_hal_tim.o
                0x00000000080023e6                HAL_TIM_ConfigClockSource
 .text.HAL_TIMEx_MasterConfigSynchronization
                0x00000000080024e4       0x8c Objects/stm32f4xx_hal_tim_ex.o
                0x00000000080024e4                HAL_TIMEx_MasterConfigSynchronization
 .text.HAL_TIMEx_CommutCallback
                0x0000000008002570        0x2 Objects/stm32f4xx_hal_tim_ex.o
                0x0000000008002570                HAL_TIMEx_CommutCallback
 .text.HAL_TIMEx_BreakCallback
                0x0000000008002572        0x2 Objects/stm32f4xx_hal_tim_ex.o
                0x0000000008002572                HAL_TIMEx_BreakCallback
 .text.UART_EndRxTransfer
                0x0000000008002574       0x5c Objects/stm32f4xx_hal_uart.o
 .text.UART_Transmit_IT
                0x00000000080025d0       0x60 Objects/stm32f4xx_hal_uart.o
 .text.UART_SetConfig
                0x0000000008002630      0x110 Objects/stm32f4xx_hal_uart.o
 .text.HAL_UART_Init
                0x0000000008002740       0x60 Objects/stm32f4xx_hal_uart.o
                0x0000000008002740                HAL_UART_Init
 .text.HAL_UART_TxCpltCallback
                0x00000000080027a0        0x2 Objects/stm32f4xx_hal_uart.o
                0x00000000080027a0                HAL_UART_TxCpltCallback
 .text.UART_EndTransmit_IT
                0x00000000080027a2       0x1a Objects/stm32f4xx_hal_uart.o
 .text.HAL_UART_RxCpltCallback
                0x00000000080027bc        0x2 Objects/stm32f4xx_hal_uart.o
                0x00000000080027bc                HAL_UART_RxCpltCallback
 .text.HAL_UART_ErrorCallback
                0x00000000080027be        0x2 Objects/stm32f4xx_hal_uart.o
                0x00000000080027be                HAL_UART_ErrorCallback
 .text.UART_DMAAbortOnError
                0x00000000080027c0        0xe Objects/stm32f4xx_hal_uart.o
 .text.HAL_UARTEx_RxEventCallback
                0x00000000080027ce        0x2 Objects/stm32f4xx_hal_uart.o
                0x00000000080027ce                HAL_UARTEx_RxEventCallback
 .text.UART_Receive_IT
                0x00000000080027d0       0xe6 Objects/stm32f4xx_hal_uart.o
 *fill*         0x00000000080028b6        0x2 
 .text.HAL_UART_IRQHandler
                0x00000000080028b8      0x2a4 Objects/stm32f4xx_hal_uart.o
                0x00000000080028b8                HAL_UART_IRQHandler
 .text.SystemInit
                0x0000000008002b5c       0x14 Objects/system_stm32f4xx.o
                0x0000000008002b5c                SystemInit
 .text.Reset_Handler
                0x0000000008002b70       0x50 Objects/startup_stm32f407xx.o
                0x0000000008002b70                Reset_Handler
 .text.Default_Handler
                0x0000000008002bc0        0x2 Objects/startup_stm32f407xx.o
                0x0000000008002bc0                RTC_Alarm_IRQHandler
                0x0000000008002bc0                HASH_RNG_IRQHandler
                0x0000000008002bc0                EXTI2_IRQHandler
                0x0000000008002bc0                TIM8_CC_IRQHandler
                0x0000000008002bc0                TIM1_CC_IRQHandler
                0x0000000008002bc0                DMA2_Stream5_IRQHandler
                0x0000000008002bc0                DMA1_Stream5_IRQHandler
                0x0000000008002bc0                PVD_IRQHandler
                0x0000000008002bc0                SDIO_IRQHandler
                0x0000000008002bc0                TAMP_STAMP_IRQHandler
                0x0000000008002bc0                CAN2_RX1_IRQHandler
                0x0000000008002bc0                EXTI3_IRQHandler
                0x0000000008002bc0                TIM8_TRG_COM_TIM14_IRQHandler
                0x0000000008002bc0                TIM1_UP_TIM10_IRQHandler
                0x0000000008002bc0                TIM8_UP_TIM13_IRQHandler
                0x0000000008002bc0                I2C3_ER_IRQHandler
                0x0000000008002bc0                EXTI0_IRQHandler
                0x0000000008002bc0                I2C2_EV_IRQHandler
                0x0000000008002bc0                DMA1_Stream2_IRQHandler
                0x0000000008002bc0                CAN1_RX0_IRQHandler
                0x0000000008002bc0                FPU_IRQHandler
                0x0000000008002bc0                OTG_HS_WKUP_IRQHandler
                0x0000000008002bc0                CAN2_SCE_IRQHandler
                0x0000000008002bc0                DMA2_Stream2_IRQHandler
                0x0000000008002bc0                SPI1_IRQHandler
                0x0000000008002bc0                TIM6_DAC_IRQHandler
                0x0000000008002bc0                TIM1_BRK_TIM9_IRQHandler
                0x0000000008002bc0                DCMI_IRQHandler
                0x0000000008002bc0                CAN2_RX0_IRQHandler
                0x0000000008002bc0                DMA2_Stream3_IRQHandler
                0x0000000008002bc0                USART6_IRQHandler
                0x0000000008002bc0                USART3_IRQHandler
                0x0000000008002bc0                CAN1_RX1_IRQHandler
                0x0000000008002bc0                UART5_IRQHandler
                0x0000000008002bc0                DMA2_Stream0_IRQHandler
                0x0000000008002bc0                TIM4_IRQHandler
                0x0000000008002bc0                I2C1_EV_IRQHandler
                0x0000000008002bc0                DMA1_Stream6_IRQHandler
                0x0000000008002bc0                DMA1_Stream1_IRQHandler
                0x0000000008002bc0                UART4_IRQHandler
                0x0000000008002bc0                TIM3_IRQHandler
                0x0000000008002bc0                RCC_IRQHandler
                0x0000000008002bc0                TIM8_BRK_TIM12_IRQHandler
                0x0000000008002bc0                Default_Handler
                0x0000000008002bc0                EXTI15_10_IRQHandler
                0x0000000008002bc0                ADC_IRQHandler
                0x0000000008002bc0                DMA1_Stream7_IRQHandler
                0x0000000008002bc0                TIM7_IRQHandler
                0x0000000008002bc0                CAN2_TX_IRQHandler
                0x0000000008002bc0                DMA2_Stream7_IRQHandler
                0x0000000008002bc0                I2C3_EV_IRQHandler
                0x0000000008002bc0                EXTI9_5_IRQHandler
                0x0000000008002bc0                RTC_WKUP_IRQHandler
                0x0000000008002bc0                ETH_WKUP_IRQHandler
                0x0000000008002bc0                SPI2_IRQHandler
                0x0000000008002bc0                OTG_HS_EP1_IN_IRQHandler
                0x0000000008002bc0                DMA1_Stream0_IRQHandler
                0x0000000008002bc0                CAN1_TX_IRQHandler
                0x0000000008002bc0                EXTI4_IRQHandler
                0x0000000008002bc0                FSMC_IRQHandler
                0x0000000008002bc0                ETH_IRQHandler
                0x0000000008002bc0                OTG_HS_EP1_OUT_IRQHandler
                0x0000000008002bc0                WWDG_IRQHandler
                0x0000000008002bc0                TIM2_IRQHandler
                0x0000000008002bc0                OTG_FS_WKUP_IRQHandler
                0x0000000008002bc0                TIM1_TRG_COM_TIM11_IRQHandler
                0x0000000008002bc0                OTG_HS_IRQHandler
                0x0000000008002bc0                EXTI1_IRQHandler
                0x0000000008002bc0                USART2_IRQHandler
                0x0000000008002bc0                I2C2_ER_IRQHandler
                0x0000000008002bc0                DMA2_Stream1_IRQHandler
                0x0000000008002bc0                CAN1_SCE_IRQHandler
                0x0000000008002bc0                FLASH_IRQHandler
                0x0000000008002bc0                DMA2_Stream4_IRQHandler
                0x0000000008002bc0                OTG_FS_IRQHandler
                0x0000000008002bc0                SPI3_IRQHandler
                0x0000000008002bc0                DMA1_Stream4_IRQHandler
                0x0000000008002bc0                I2C1_ER_IRQHandler
                0x0000000008002bc0                DMA2_Stream6_IRQHandler
                0x0000000008002bc0                DMA1_Stream3_IRQHandler
 *(.glue_7)
 .glue_7        0x0000000008002bc2        0x0 linker stubs
 *(.glue_7t)
 .glue_7t       0x0000000008002bc2        0x0 linker stubs
 *(.eh_frame)
 *fill*         0x0000000008002bc2        0x2 
 .eh_frame      0x0000000008002bc4        0x0 /usr/lib/gcc/arm-none-eabi/10.3.1/thumb/v7e-m+fp/hard/crtbegin.o
 *(.init)
 .init          0x0000000008002bc4        0x4 /usr/lib/gcc/arm-none-eabi/10.3.1/thumb/v7e-m+fp/hard/crti.o
                0x0000000008002bc4                _init
 .init          0x0000000008002bc8        0x8 /usr/lib/gcc/arm-none-eabi/10.3.1/thumb/v7e-m+fp/hard/crtn.o
 *(.fini)
 .fini          0x0000000008002bd0        0x4 /usr/lib/gcc/arm-none-eabi/10.3.1/thumb/v7e-m+fp/hard/crti.o
                0x0000000008002bd0                _fini
 .fini          0x0000000008002bd4        0x8 /usr/lib/gcc/arm-none-eabi/10.3.1/thumb/v7e-m+fp/hard/crtn.o
                0x0000000008002bdc                . = ALIGN (0x4)
                0x0000000008002bdc                _etext = .

.vfp11_veneer   0x0000000008002bdc        0x0
 .vfp11_veneer  0x0000000008002bdc        0x0 linker stubs

.v4_bx          0x0000000008002bdc        0x0
 .v4_bx         0x0000000008002bdc        0x0 linker stubs

.iplt           0x0000000008002bdc        0x0
 .iplt          0x0000000008002bdc        0x0 /usr/lib/gcc/arm-none-eabi/10.3.1/thumb/v7e-m+fp/hard/crtbegin.o

.rodata         0x0000000008002bdc       0x18
                0x0000000008002bdc                . = ALIGN (0x4)
 *(.rodata)
 *(.rodata*)
 .rodata.AHBPrescTable
                0x0000000008002bdc       0x10 Objects/system_stm32f4xx.o
                0x0000000008002bdc                AHBPrescTable
 .rodata.APBPrescTable
                0x0000000008002bec        0x8 Objects/system_stm32f4xx.o
                0x0000000008002bec                APBPrescTable
                0x0000000008002bf4                . = ALIGN (0x4)

.ARM.extab      0x0000000008002bf4        0x0
                0x0000000008002bf4                . = ALIGN (0x4)
 *(.ARM.extab* .gnu.linkonce.armextab.*)
                0x0000000008002bf4                . = ALIGN (0x4)

.ARM            0x0000000008002bf4        0x8
                0x0000000008002bf4                . = ALIGN (0x4)
                0x0000000008002bf4                __exidx_start = .
 *(.ARM.exidx*)
 .ARM.exidx     0x0000000008002bf4        0x8 /usr/lib/gcc/arm-none-eabi/10.3.1/thumb/v7e-m+fp/hard/libgcc.a(_udivmoddi4.o)
                0x0000000008002bfc                __exidx_end = .
                0x0000000008002bfc                . = ALIGN (0x4)

.preinit_array  0x0000000008002bfc        0x0
                0x0000000008002bfc                . = ALIGN (0x4)
                0x0000000008002bfc                PROVIDE (__preinit_array_start = .)
 *(.preinit_array*)
                0x0000000008002bfc                PROVIDE (__preinit_array_end = .)
                0x0000000008002bfc                . = ALIGN (0x4)

.init_array     0x0000000008002bfc        0x4
                0x0000000008002bfc                . = ALIGN (0x4)
                0x0000000008002bfc                PROVIDE (__init_array_start = .)
 *(SORT_BY_NAME(.init_array.*))
 *(.init_array*)
 .init_array    0x0000000008002bfc        0x4 /usr/lib/gcc/arm-none-eabi/10.3.1/thumb/v7e-m+fp/hard/crtbegin.o
                0x0000000008002c00                PROVIDE (__init_array_end = .)
                0x0000000008002c00                . = ALIGN (0x4)

.fini_array     0x0000000008002c00        0x4
                0x0000000008002c00                . = ALIGN (0x4)
                0x0000000008002c00                PROVIDE (__fini_array_start = .)
 *(SORT_BY_NAME(.fini_array.*))
 *(.fini_array*)
 .fini_array    0x0000000008002c00        0x4 /usr/lib/gcc/arm-none-eabi/10.3.1/thumb/v7e-m+fp/hard/crtbegin.o
                0x0000000008002c04                PROVIDE (__fini_array_end = .)
                0x0000000008002c04                . = ALIGN (0x4)
                0x0000000008002c04                _sidata = LOADADDR (.data)

.rel.dyn        0x0000000008002c04        0x0
 .rel.iplt      0x0000000008002c04        0x0 /usr/lib/gcc/arm-none-eabi/10.3.1/thumb/v7e-m+fp/hard/crtbegin.o

.data           0x0000000020000000        0xc load address 0x0000000008002c04
                0x0000000020000000                . = ALIGN (0x4)
                0x0000000020000000                _sdata = .
 *(.data)
 *(.data*)
 .data.uwTickFreq
                0x0000000020000000        0x1 Objects/stm32f4xx_hal.o
                0x0000000020000000                uwTickFreq
 *fill*         0x0000000020000001        0x3 
 .data.uwTickPrio
                0x0000000020000004        0x4 Objects/stm32f4xx_hal.o
                0x0000000020000004                uwTickPrio
 .data.SystemCoreClock
                0x0000000020000008        0x4 Objects/system_stm32f4xx.o
                0x0000000020000008                SystemCoreClock
 *(.RamFunc)
 *(.RamFunc*)
                0x000000002000000c                . = ALIGN (0x4)
                0x000000002000000c                _edata = .
                0x0000000008002c10                _siccmram = LOADADDR (.ccmram)

.tm_clone_table
                0x000000002000000c        0x0 load address 0x0000000008002c10
 .tm_clone_table
                0x000000002000000c        0x0 /usr/lib/gcc/arm-none-eabi/10.3.1/thumb/v7e-m+fp/hard/crtbegin.o
 .tm_clone_table
                0x000000002000000c        0x0 /usr/lib/gcc/arm-none-eabi/10.3.1/thumb/v7e-m+fp/hard/crtend.o

.igot.plt       0x000000002000000c        0x0 load address 0x0000000008002c10
 .igot.plt      0x000000002000000c        0x0 /usr/lib/gcc/arm-none-eabi/10.3.1/thumb/v7e-m+fp/hard/crtbegin.o

.ccmram         0x0000000010000000        0x0 load address 0x0000000008002c10
                0x0000000010000000                . = ALIGN (0x4)
                0x0000000010000000                _sccmram = .
 *(.ccmram)
 *(.ccmram*)
                0x0000000010000000                . = ALIGN (0x4)
                0x0000000010000000                _eccmram = .
                0x0000000010000000                . = ALIGN (0x4)

.bss            0x000000002000000c      0x278
                0x000000002000000c                _sbss = .
                0x000000002000000c                __bss_start__ = _sbss
 *(.bss)
 .bss           0x000000002000000c       0x1c /usr/lib/gcc/arm-none-eabi/10.3.1/thumb/v7e-m+fp/hard/crtbegin.o
 *(.bss*)
 .bss.hadc1     0x0000000020000028       0x48 Objects/adc.o
                0x0000000020000028                hadc1
 .bss.hi2c1     0x0000000020000070       0x54 Objects/i2c.o
                0x0000000020000070                hi2c1
 .bss.hi2c3     0x00000000200000c4       0x54 Objects/i2c.o
                0x00000000200000c4                hi2c3
 .bss.htim3     0x0000000020000118       0x48 Objects/tim.o
                0x0000000020000118                htim3
 .bss.htim4     0x0000000020000160       0x48 Objects/tim.o
                0x0000000020000160                htim4
 .bss.htim5     0x00000000200001a8       0x48 Objects/tim.o
                0x00000000200001a8                htim5
 .bss.huart1    0x00000000200001f0       0x48 Objects/usart.o
                0x00000000200001f0                huart1
 .bss.huart2    0x0000000020000238       0x48 Objects/usart.o
                0x0000000020000238                huart2
 .bss.uwTick    0x0000000020000280        0x4 Objects/stm32f4xx_hal.o
                0x0000000020000280                uwTick
 *(COMMON)
                0x0000000020000284                . = ALIGN (0x4)
                0x0000000020000284                _ebss = .
                0x0000000020000284                __bss_end__ = _ebss

._user_heap_stack
                0x0000000020000284      0x604
                0x0000000020000288                . = ALIGN (0x8)
 *fill*         0x0000000020000284        0x4 
                [!provide]                        PROVIDE (end = .)
                [!provide]                        PROVIDE (_end = .)
                0x0000000020000488                . = (. + _Min_Heap_Size)
 *fill*         0x0000000020000288      0x200 
                0x0000000020000888                . = (. + _Min_Stack_Size)
 *fill*         0x0000000020000488      0x400 
                0x0000000020000888                . = ALIGN (0x8)

/DISCARD/
 libc.a(*)
 libm.a(*)
 libgcc.a(*)
OUTPUT(Objects/bare_metal.elf elf32-littlearm)
LOAD linker stubs
LOAD /usr/lib/gcc/arm-none-eabi/10.3.1/../../../arm-none-eabi/lib/thumb/v7e-m+fp/hard/libc.a
LOAD /usr/lib/gcc/arm-none-eabi/10.3.1/../../../arm-none-eabi/lib/thumb/v7e-m+fp/hard/libm.a
LOAD /usr/lib/gcc/arm-none-eabi/10.3.1/thumb/v7e-m+fp/hard/libgcc.a

.ARM.attributes
                0x0000000000000000       0x30
 .ARM.attributes
                0x0000000000000000       0x1e /usr/lib/gcc/arm-none-eabi/10.3.1/thumb/v7e-m+fp/hard/crti.o
 .ARM.attributes
                0x000000000000001e       0x34 /usr/lib/gcc/arm-none-eabi/10.3.1/thumb/v7e-m+fp/hard/crtbegin.o
 .ARM.attributes
                0x0000000000000052       0x34 Objects/main.o
 .ARM.attributes
                0x0000000000000086       0x34 Objects/gpio.o
 .ARM.attributes
                0x00000000000000ba       0x34 Objects/adc.o
 .ARM.attributes
                0x00000000000000ee       0x34 Objects/i2c.o
 .ARM.attributes
                0x0000000000000122       0x34 Objects/tim.o
 .ARM.attributes
                0x0000000000000156       0x34 Objects/usart.o
 .ARM.attributes
                0x000000000000018a       0x34 Objects/stm32f4xx_it.o
 .ARM.attributes
                0x00000000000001be       0x34 Objects/stm32f4xx_hal_msp.o
 .ARM.attributes
                0x00000000000001f2       0x34 Objects/stm32f4xx_hal_adc.o
 .ARM.attributes
                0x0000000000000226       0x34 Objects/stm32f4xx_hal_rcc.o
 .ARM.attributes
                0x000000000000025a       0x34 Objects/stm32f4xx_hal_gpio.o
 .ARM.attributes
                0x000000000000028e       0x34 Objects/stm32f4xx_hal_dma.o
 .ARM.attributes
                0x00000000000002c2       0x34 Objects/stm32f4xx_hal_cortex.o
 .ARM.attributes
                0x00000000000002f6       0x34 Objects/stm32f4xx_hal.o
 .ARM.attributes
                0x000000000000032a       0x34 Objects/stm32f4xx_hal_i2c.o
 .ARM.attributes
                0x000000000000035e       0x34 Objects/stm32f4xx_hal_tim.o
 .ARM.attributes
                0x0000000000000392       0x34 Objects/stm32f4xx_hal_tim_ex.o
 .ARM.attributes
                0x00000000000003c6       0x34 Objects/stm32f4xx_hal_uart.o
 .ARM.attributes
                0x00000000000003fa       0x34 Objects/system_stm32f4xx.o
 .ARM.attributes
                0x000000000000042e       0x21 Objects/startup_stm32f407xx.o
 .ARM.attributes
                0x000000000000044f       0x34 /usr/lib/gcc/arm-none-eabi/10.3.1/../../../arm-none-eabi/lib/thumb/v7e-m+fp/hard/libc_nano.a(lib_a-init.o)
 .ARM.attributes
                0x0000000000000483       0x34 /usr/lib/gcc/arm-none-eabi/10.3.1/../../../arm-none-eabi/lib/thumb/v7e-m+fp/hard/libc_nano.a(lib_a-memset.o)
 .ARM.attributes
                0x00000000000004b7       0x1e /usr/lib/gcc/arm-none-eabi/10.3.1/thumb/v7e-m+fp/hard/libgcc.a(_aeabi_uldivmod.o)
 .ARM.attributes
                0x00000000000004d5       0x34 /usr/lib/gcc/arm-none-eabi/10.3.1/thumb/v7e-m+fp/hard/libgcc.a(_udivmoddi4.o)
 .ARM.attributes
                0x0000000000000509       0x1e /usr/lib/gcc/arm-none-eabi/10.3.1/thumb/v7e-m+fp/hard/libgcc.a(_dvmd_tls.o)
 .ARM.attributes
                0x0000000000000527       0x32 /usr/lib/gcc/arm-none-eabi/10.3.1/thumb/v7e-m+fp/hard/crtend.o
 .ARM.attributes
                0x0000000000000559       0x1e /usr/lib/gcc/arm-none-eabi/10.3.1/thumb/v7e-m+fp/hard/crtn.o

.comment        0x0000000000000000       0x33
 .comment       0x0000000000000000       0x33 /usr/lib/gcc/arm-none-eabi/10.3.1/thumb/v7e-m+fp/hard/crtbegin.o
                                         0x34 (size before relaxing)
 .comment       0x0000000000000033       0x34 Objects/main.o
 .comment       0x0000000000000033       0x34 Objects/gpio.o
 .comment       0x0000000000000033       0x34 Objects/adc.o
 .comment       0x0000000000000033       0x34 Objects/i2c.o
 .comment       0x0000000000000033       0x34 Objects/tim.o
 .comment       0x0000000000000033       0x34 Objects/usart.o
 .comment       0x0000000000000033       0x34 Objects/stm32f4xx_it.o
 .comment       0x0000000000000033       0x34 Objects/stm32f4xx_hal_msp.o
 .comment       0x0000000000000033       0x34 Objects/stm32f4xx_hal_adc.o
 .comment       0x0000000000000033       0x34 Objects/stm32f4xx_hal_rcc.o
 .comment       0x0000000000000033       0x34 Objects/stm32f4xx_hal_gpio.o
 .comment       0x0000000000000033       0x34 Objects/stm32f4xx_hal_dma.o
 .comment       0x0000000000000033       0x34 Objects/stm32f4xx_hal_cortex.o
 .comment       0x0000000000000033       0x34 Objects/stm32f4xx_hal.o
 .comment       0x0000000000000033       0x34 Objects/stm32f4xx_hal_i2c.o
 .comment       0x0000000000000033       0x34 Objects/stm32f4xx_hal_tim.o
 .comment       0x0000000000000033       0x34 Objects/stm32f4xx_hal_tim_ex.o
 .comment       0x0000000000000033       0x34 Objects/stm32f4xx_hal_uart.o
 .comment       0x0000000000000033       0x34 Objects/system_stm32f4xx.o
 .comment       0x0000000000000033       0x34 /usr/lib/gcc/arm-none-eabi/10.3.1/../../../arm-none-eabi/lib/thumb/v7e-m+fp/hard/libc_nano.a(lib_a-init.o)
 .comment       0x0000000000000033       0x34 /usr/lib/gcc/arm-none-eabi/10.3.1/../../../arm-none-eabi/lib/thumb/v7e-m+fp/hard/libc_nano.a(lib_a-memset.o)
 .comment       0x0000000000000033       0x34 /usr/lib/gcc/arm-none-eabi/10.3.1/thumb/v7e-m+fp/hard/libgcc.a(_udivmoddi4.o)
 .comment       0x0000000000000033       0x34 /usr/lib/gcc/arm-none-eabi/10.3.1/thumb/v7e-m+fp/hard/crtend.o

.debug_info     0x0000000000000000    0x189af
 .debug_info    0x0000000000000000      0x696 Objects/main.o
 .debug_info    0x0000000000000696      0x53c Objects/gpio.o
 .debug_info    0x0000000000000bd2      0xb5d Objects/adc.o
 .debug_info    0x000000000000172f      0xc4f Objects/i2c.o
 .debug_info    0x000000000000237e     0x131d Objects/tim.o
 .debug_info    0x000000000000369b      0xe21 Objects/usart.o
 .debug_info    0x00000000000044bc      0xaee Objects/stm32f4xx_it.o
 .debug_info    0x0000000000004faa      0x2df Objects/stm32f4xx_hal_msp.o
 .debug_info    0x0000000000005289      0xffb Objects/stm32f4xx_hal_adc.o
 .debug_info    0x0000000000006284      0xbcc Objects/stm32f4xx_hal_rcc.o
 .debug_info    0x0000000000006e50      0x824 Objects/stm32f4xx_hal_gpio.o
 .debug_info    0x0000000000007674      0xbb9 Objects/stm32f4xx_hal_dma.o
 .debug_info    0x000000000000822d     0x11a2 Objects/stm32f4xx_hal_cortex.o
 .debug_info    0x00000000000093cf      0xac3 Objects/stm32f4xx_hal.o
 .debug_info    0x0000000000009e92     0x3b6b Objects/stm32f4xx_hal_i2c.o
 .debug_info    0x000000000000d9fd     0x40b4 Objects/stm32f4xx_hal_tim.o
 .debug_info    0x0000000000011ab1     0x1c77 Objects/stm32f4xx_hal_tim_ex.o
 .debug_info    0x0000000000013728     0x4316 Objects/stm32f4xx_hal_uart.o
 .debug_info    0x0000000000017a3e      0x59b Objects/system_stm32f4xx.o
 .debug_info    0x0000000000017fd9       0x22 Objects/startup_stm32f407xx.o
 .debug_info    0x0000000000017ffb      0x11a /usr/lib/gcc/arm-none-eabi/10.3.1/../../../arm-none-eabi/lib/thumb/v7e-m+fp/hard/libc_nano.a(lib_a-init.o)
 .debug_info    0x0000000000018115      0x137 /usr/lib/gcc/arm-none-eabi/10.3.1/../../../arm-none-eabi/lib/thumb/v7e-m+fp/hard/libc_nano.a(lib_a-memset.o)
 .debug_info    0x000000000001824c       0x26 /usr/lib/gcc/arm-none-eabi/10.3.1/thumb/v7e-m+fp/hard/libgcc.a(_aeabi_uldivmod.o)
 .debug_info    0x0000000000018272      0x717 /usr/lib/gcc/arm-none-eabi/10.3.1/thumb/v7e-m+fp/hard/libgcc.a(_udivmoddi4.o)
 .debug_info    0x0000000000018989       0x26 /usr/lib/gcc/arm-none-eabi/10.3.1/thumb/v7e-m+fp/hard/libgcc.a(_dvmd_tls.o)

.debug_abbrev   0x0000000000000000     0x2d1a
 .debug_abbrev  0x0000000000000000      0x1d8 Objects/main.o
 .debug_abbrev  0x00000000000001d8      0x151 Objects/gpio.o
 .debug_abbrev  0x0000000000000329      0x1d7 Objects/adc.o
 .debug_abbrev  0x0000000000000500      0x1d7 Objects/i2c.o
 .debug_abbrev  0x00000000000006d7      0x26a Objects/tim.o
 .debug_abbrev  0x0000000000000941      0x1e7 Objects/usart.o
 .debug_abbrev  0x0000000000000b28      0x197 Objects/stm32f4xx_it.o
 .debug_abbrev  0x0000000000000cbf       0xd3 Objects/stm32f4xx_hal_msp.o
 .debug_abbrev  0x0000000000000d92      0x292 Objects/stm32f4xx_hal_adc.o
 .debug_abbrev  0x0000000000001024      0x2aa Objects/stm32f4xx_hal_rcc.o
 .debug_abbrev  0x00000000000012ce      0x22b Objects/stm32f4xx_hal_gpio.o
 .debug_abbrev  0x00000000000014f9      0x2ff Objects/stm32f4xx_hal_dma.o
 .debug_abbrev  0x00000000000017f8      0x379 Objects/stm32f4xx_hal_cortex.o
 .debug_abbrev  0x0000000000001b71      0x209 Objects/stm32f4xx_hal.o
 .debug_abbrev  0x0000000000001d7a      0x2f3 Objects/stm32f4xx_hal_i2c.o
 .debug_abbrev  0x000000000000206d      0x289 Objects/stm32f4xx_hal_tim.o
 .debug_abbrev  0x00000000000022f6      0x29f Objects/stm32f4xx_hal_tim_ex.o
 .debug_abbrev  0x0000000000002595      0x34d Objects/stm32f4xx_hal_uart.o
 .debug_abbrev  0x00000000000028e2      0x11b Objects/system_stm32f4xx.o
 .debug_abbrev  0x00000000000029fd       0x12 Objects/startup_stm32f407xx.o
 .debug_abbrev  0x0000000000002a0f       0xcc /usr/lib/gcc/arm-none-eabi/10.3.1/../../../arm-none-eabi/lib/thumb/v7e-m+fp/hard/libc_nano.a(lib_a-init.o)
 .debug_abbrev  0x0000000000002adb       0xb4 /usr/lib/gcc/arm-none-eabi/10.3.1/../../../arm-none-eabi/lib/thumb/v7e-m+fp/hard/libc_nano.a(lib_a-memset.o)
 .debug_abbrev  0x0000000000002b8f       0x14 /usr/lib/gcc/arm-none-eabi/10.3.1/thumb/v7e-m+fp/hard/libgcc.a(_aeabi_uldivmod.o)
 .debug_abbrev  0x0000000000002ba3      0x163 /usr/lib/gcc/arm-none-eabi/10.3.1/thumb/v7e-m+fp/hard/libgcc.a(_udivmoddi4.o)
 .debug_abbrev  0x0000000000002d06       0x14 /usr/lib/gcc/arm-none-eabi/10.3.1/thumb/v7e-m+fp/hard/libgcc.a(_dvmd_tls.o)

.debug_loc      0x0000000000000000    0x165eb
 .debug_loc     0x0000000000000000       0x66 Objects/main.o
 .debug_loc     0x0000000000000066       0x39 Objects/gpio.o
 .debug_loc     0x000000000000009f      0x12c Objects/adc.o
 .debug_loc     0x00000000000001cb      0x164 Objects/i2c.o
 .debug_loc     0x000000000000032f      0x266 Objects/tim.o
 .debug_loc     0x0000000000000595      0x162 Objects/usart.o
 .debug_loc     0x00000000000006f7       0x60 Objects/stm32f4xx_it.o
 .debug_loc     0x0000000000000757       0x2c Objects/stm32f4xx_hal_msp.o
 .debug_loc     0x0000000000000783      0xe48 Objects/stm32f4xx_hal_adc.o
 .debug_loc     0x00000000000015cb      0x6e4 Objects/stm32f4xx_hal_rcc.o
 .debug_loc     0x0000000000001caf      0x5e8 Objects/stm32f4xx_hal_gpio.o
 .debug_loc     0x0000000000002297      0xd6d Objects/stm32f4xx_hal_dma.o
 .debug_loc     0x0000000000003004      0x7a4 Objects/stm32f4xx_hal_cortex.o
 .debug_loc     0x00000000000037a8      0x1e1 Objects/stm32f4xx_hal.o
 .debug_loc     0x0000000000003989     0x4e61 Objects/stm32f4xx_hal_i2c.o
 .debug_loc     0x00000000000087ea     0x5bd3 Objects/stm32f4xx_hal_tim.o
 .debug_loc     0x000000000000e3bd     0x212a Objects/stm32f4xx_hal_tim_ex.o
 .debug_loc     0x00000000000104e7     0x4d51 Objects/stm32f4xx_hal_uart.o
 .debug_loc     0x0000000000015238       0xbe Objects/system_stm32f4xx.o
 .debug_loc     0x00000000000152f6       0xba /usr/lib/gcc/arm-none-eabi/10.3.1/../../../arm-none-eabi/lib/thumb/v7e-m+fp/hard/libc_nano.a(lib_a-init.o)
 .debug_loc     0x00000000000153b0      0x22c /usr/lib/gcc/arm-none-eabi/10.3.1/../../../arm-none-eabi/lib/thumb/v7e-m+fp/hard/libc_nano.a(lib_a-memset.o)
 .debug_loc     0x00000000000155dc     0x100f /usr/lib/gcc/arm-none-eabi/10.3.1/thumb/v7e-m+fp/hard/libgcc.a(_udivmoddi4.o)

.debug_aranges  0x0000000000000000     0x10b8
 .debug_aranges
                0x0000000000000000       0x30 Objects/main.o
 .debug_aranges
                0x0000000000000030       0x20 Objects/gpio.o
 .debug_aranges
                0x0000000000000050       0x30 Objects/adc.o
 .debug_aranges
                0x0000000000000080       0x38 Objects/i2c.o
 .debug_aranges
                0x00000000000000b8       0x58 Objects/tim.o
 .debug_aranges
                0x0000000000000110       0x38 Objects/usart.o
 .debug_aranges
                0x0000000000000148       0x70 Objects/stm32f4xx_it.o
 .debug_aranges
                0x00000000000001b8       0x20 Objects/stm32f4xx_hal_msp.o
 .debug_aranges
                0x00000000000001d8       0xe8 Objects/stm32f4xx_hal_adc.o
 .debug_aranges
                0x00000000000002c0       0x88 Objects/stm32f4xx_hal_rcc.o
 .debug_aranges
                0x0000000000000348       0x58 Objects/stm32f4xx_hal_gpio.o
 .debug_aranges
                0x00000000000003a0       0x90 Objects/stm32f4xx_hal_dma.o
 .debug_aranges
                0x0000000000000430       0xc0 Objects/stm32f4xx_hal_cortex.o
 .debug_aranges
                0x00000000000004f0       0xf0 Objects/stm32f4xx_hal.o
 .debug_aranges
                0x00000000000005e0      0x2a8 Objects/stm32f4xx_hal_i2c.o
 .debug_aranges
                0x0000000000000888      0x3d0 Objects/stm32f4xx_hal_tim.o
 .debug_aranges
                0x0000000000000c58      0x168 Objects/stm32f4xx_hal_tim_ex.o
 .debug_aranges
                0x0000000000000dc0      0x208 Objects/stm32f4xx_hal_uart.o
 .debug_aranges
                0x0000000000000fc8       0x28 Objects/system_stm32f4xx.o
 .debug_aranges
                0x0000000000000ff0       0x28 Objects/startup_stm32f407xx.o
 .debug_aranges
                0x0000000000001018       0x20 /usr/lib/gcc/arm-none-eabi/10.3.1/../../../arm-none-eabi/lib/thumb/v7e-m+fp/hard/libc_nano.a(lib_a-init.o)
 .debug_aranges
                0x0000000000001038       0x20 /usr/lib/gcc/arm-none-eabi/10.3.1/../../../arm-none-eabi/lib/thumb/v7e-m+fp/hard/libc_nano.a(lib_a-memset.o)
 .debug_aranges
                0x0000000000001058       0x20 /usr/lib/gcc/arm-none-eabi/10.3.1/thumb/v7e-m+fp/hard/libgcc.a(_aeabi_uldivmod.o)
 .debug_aranges
                0x0000000000001078       0x20 /usr/lib/gcc/arm-none-eabi/10.3.1/thumb/v7e-m+fp/hard/libgcc.a(_udivmoddi4.o)
 .debug_aranges
                0x0000000000001098       0x20 /usr/lib/gcc/arm-none-eabi/10.3.1/thumb/v7e-m+fp/hard/libgcc.a(_dvmd_tls.o)

.debug_ranges   0x0000000000000000     0x1058
 .debug_ranges  0x0000000000000000       0x20 Objects/main.o
 .debug_ranges  0x0000000000000020       0x10 Objects/gpio.o
 .debug_ranges  0x0000000000000030       0x20 Objects/adc.o
 .debug_ranges  0x0000000000000050       0x28 Objects/i2c.o
 .debug_ranges  0x0000000000000078       0x48 Objects/tim.o
 .debug_ranges  0x00000000000000c0       0x28 Objects/usart.o
 .debug_ranges  0x00000000000000e8       0x60 Objects/stm32f4xx_it.o
 .debug_ranges  0x0000000000000148       0x10 Objects/stm32f4xx_hal_msp.o
 .debug_ranges  0x0000000000000158       0xd8 Objects/stm32f4xx_hal_adc.o
 .debug_ranges  0x0000000000000230       0x90 Objects/stm32f4xx_hal_rcc.o
 .debug_ranges  0x00000000000002c0       0x48 Objects/stm32f4xx_hal_gpio.o
 .debug_ranges  0x0000000000000308       0x80 Objects/stm32f4xx_hal_dma.o
 .debug_ranges  0x0000000000000388      0x110 Objects/stm32f4xx_hal_cortex.o
 .debug_ranges  0x0000000000000498       0xe0 Objects/stm32f4xx_hal.o
 .debug_ranges  0x0000000000000578      0x2b0 Objects/stm32f4xx_hal_i2c.o
 .debug_ranges  0x0000000000000828      0x3c0 Objects/stm32f4xx_hal_tim.o
 .debug_ranges  0x0000000000000be8      0x158 Objects/stm32f4xx_hal_tim_ex.o
 .debug_ranges  0x0000000000000d40      0x1f8 Objects/stm32f4xx_hal_uart.o
 .debug_ranges  0x0000000000000f38       0x18 Objects/system_stm32f4xx.o
 .debug_ranges  0x0000000000000f50       0x20 Objects/startup_stm32f407xx.o
 .debug_ranges  0x0000000000000f70       0xe8 /usr/lib/gcc/arm-none-eabi/10.3.1/thumb/v7e-m+fp/hard/libgcc.a(_udivmoddi4.o)

.debug_line     0x0000000000000000    0x15872
 .debug_line    0x0000000000000000      0x2b2 Objects/main.o
 .debug_line    0x00000000000002b2      0x161 Objects/gpio.o
 .debug_line    0x0000000000000413      0x283 Objects/adc.o
 .debug_line    0x0000000000000696      0x335 Objects/i2c.o
 .debug_line    0x00000000000009cb      0x4ff Objects/tim.o
 .debug_line    0x0000000000000eca      0x312 Objects/usart.o
 .debug_line    0x00000000000011dc      0x279 Objects/stm32f4xx_it.o
 .debug_line    0x0000000000001455       0xd1 Objects/stm32f4xx_hal_msp.o
 .debug_line    0x0000000000001526     0x1038 Objects/stm32f4xx_hal_adc.o
 .debug_line    0x000000000000255e      0xac0 Objects/stm32f4xx_hal_rcc.o
 .debug_line    0x000000000000301e      0x658 Objects/stm32f4xx_hal_gpio.o
 .debug_line    0x0000000000003676      0xd9c Objects/stm32f4xx_hal_dma.o
 .debug_line    0x0000000000004412      0x723 Objects/stm32f4xx_hal_cortex.o
 .debug_line    0x0000000000004b35      0x4dc Objects/stm32f4xx_hal.o
 .debug_line    0x0000000000005011     0x53e6 Objects/stm32f4xx_hal_i2c.o
 .debug_line    0x000000000000a3f7     0x4a41 Objects/stm32f4xx_hal_tim.o
 .debug_line    0x000000000000ee38     0x1c27 Objects/stm32f4xx_hal_tim_ex.o
 .debug_line    0x0000000000010a5f     0x4271 Objects/stm32f4xx_hal_uart.o
 .debug_line    0x0000000000014cd0      0x1c7 Objects/system_stm32f4xx.o
 .debug_line    0x0000000000014e97       0x76 Objects/startup_stm32f407xx.o
 .debug_line    0x0000000000014f0d      0x138 /usr/lib/gcc/arm-none-eabi/10.3.1/../../../arm-none-eabi/lib/thumb/v7e-m+fp/hard/libc_nano.a(lib_a-init.o)
 .debug_line    0x0000000000015045      0x1bf /usr/lib/gcc/arm-none-eabi/10.3.1/../../../arm-none-eabi/lib/thumb/v7e-m+fp/hard/libc_nano.a(lib_a-memset.o)
 .debug_line    0x0000000000015204       0x60 /usr/lib/gcc/arm-none-eabi/10.3.1/thumb/v7e-m+fp/hard/libgcc.a(_aeabi_uldivmod.o)
 .debug_line    0x0000000000015264      0x5ae /usr/lib/gcc/arm-none-eabi/10.3.1/thumb/v7e-m+fp/hard/libgcc.a(_udivmoddi4.o)
 .debug_line    0x0000000000015812       0x60 /usr/lib/gcc/arm-none-eabi/10.3.1/thumb/v7e-m+fp/hard/libgcc.a(_dvmd_tls.o)

.debug_str      0x0000000000000000     0x53fb
 .debug_str     0x0000000000000000      0x48b Objects/main.o
                                        0x4d0 (size before relaxing)
 .debug_str     0x000000000000048b       0xb7 Objects/gpio.o
                                        0x349 (size before relaxing)
 .debug_str     0x0000000000000542      0x435 Objects/adc.o
                                        0x7b8 (size before relaxing)
 .debug_str     0x0000000000000977      0x2b4 Objects/i2c.o
                                        0x87e (size before relaxing)
 .debug_str     0x0000000000000c2b      0x9ee Objects/tim.o
                                        0xfe4 (size before relaxing)
 .debug_str     0x0000000000001619      0x22c Objects/usart.o
                                        0xd3c (size before relaxing)
 .debug_str     0x0000000000001845       0xfd Objects/stm32f4xx_it.o
                                        0x9b0 (size before relaxing)
 .debug_str     0x0000000000001942       0x29 Objects/stm32f4xx_hal_msp.o
                                        0x2a3 (size before relaxing)
 .debug_str     0x000000000000196b      0x2fb Objects/stm32f4xx_hal_adc.o
                                        0x935 (size before relaxing)
 .debug_str     0x0000000000001c66      0x207 Objects/stm32f4xx_hal_rcc.o
                                        0x6ce (size before relaxing)
 .debug_str     0x0000000000001e6d      0x125 Objects/stm32f4xx_hal_gpio.o
                                        0x4b3 (size before relaxing)
 .debug_str     0x0000000000001f92      0x2f2 Objects/stm32f4xx_hal_dma.o
                                        0x754 (size before relaxing)
 .debug_str     0x0000000000002284      0x509 Objects/stm32f4xx_hal_cortex.o
                                        0xc49 (size before relaxing)
 .debug_str     0x000000000000278d      0x29f Objects/stm32f4xx_hal.o
                                        0xb42 (size before relaxing)
 .debug_str     0x0000000000002a2c      0x889 Objects/stm32f4xx_hal_i2c.o
                                       0x1010 (size before relaxing)
 .debug_str     0x00000000000032b5      0xd96 Objects/stm32f4xx_hal_tim.o
                                       0x16a6 (size before relaxing)
 .debug_str     0x000000000000404b      0x521 Objects/stm32f4xx_hal_tim_ex.o
                                        0xe97 (size before relaxing)
 .debug_str     0x000000000000456c      0x5f2 Objects/stm32f4xx_hal_uart.o
                                        0xd63 (size before relaxing)
 .debug_str     0x0000000000004b5e       0x47 Objects/system_stm32f4xx.o
                                        0x353 (size before relaxing)
 .debug_str     0x0000000000004ba5       0x22 Objects/startup_stm32f407xx.o
                                         0x5b (size before relaxing)
 .debug_str     0x0000000000004bc7      0x170 /usr/lib/gcc/arm-none-eabi/10.3.1/../../../arm-none-eabi/lib/thumb/v7e-m+fp/hard/libc_nano.a(lib_a-init.o)
                                        0x20b (size before relaxing)
 .debug_str     0x0000000000004d37       0xaa /usr/lib/gcc/arm-none-eabi/10.3.1/../../../arm-none-eabi/lib/thumb/v7e-m+fp/hard/libc_nano.a(lib_a-memset.o)
                                        0x1c0 (size before relaxing)
 .debug_str     0x0000000000004de1       0xa6 /usr/lib/gcc/arm-none-eabi/10.3.1/thumb/v7e-m+fp/hard/libgcc.a(_aeabi_uldivmod.o)
 .debug_str     0x0000000000004e87      0x544 /usr/lib/gcc/arm-none-eabi/10.3.1/thumb/v7e-m+fp/hard/libgcc.a(_udivmoddi4.o)
                                        0x647 (size before relaxing)
 .debug_str     0x00000000000053cb       0x30 /usr/lib/gcc/arm-none-eabi/10.3.1/thumb/v7e-m+fp/hard/libgcc.a(_dvmd_tls.o)
                                         0xaa (size before relaxing)

.debug_frame    0x0000000000000000     0x2ce8
 .debug_frame   0x0000000000000000       0x58 Objects/main.o
 .debug_frame   0x0000000000000058       0x34 Objects/gpio.o
 .debug_frame   0x000000000000008c       0x68 Objects/adc.o
 .debug_frame   0x00000000000000f4       0x80 Objects/i2c.o
 .debug_frame   0x0000000000000174       0xf0 Objects/tim.o
 .debug_frame   0x0000000000000264       0x78 Objects/usart.o
 .debug_frame   0x00000000000002dc       0xd8 Objects/stm32f4xx_it.o
 .debug_frame   0x00000000000003b4       0x28 Objects/stm32f4xx_hal_msp.o
 .debug_frame   0x00000000000003dc      0x268 Objects/stm32f4xx_hal_adc.o
 .debug_frame   0x0000000000000644      0x16c Objects/stm32f4xx_hal_rcc.o
 .debug_frame   0x00000000000007b0       0xd8 Objects/stm32f4xx_hal_gpio.o
 .debug_frame   0x0000000000000888      0x188 Objects/stm32f4xx_hal_dma.o
 .debug_frame   0x0000000000000a10      0x178 Objects/stm32f4xx_hal_cortex.o
 .debug_frame   0x0000000000000b88      0x1ec Objects/stm32f4xx_hal.o
 .debug_frame   0x0000000000000d74      0x988 Objects/stm32f4xx_hal_i2c.o
 .debug_frame   0x00000000000016fc      0xb10 Objects/stm32f4xx_hal_tim.o
 .debug_frame   0x000000000000220c      0x40c Objects/stm32f4xx_hal_tim_ex.o
 .debug_frame   0x0000000000002618      0x5e8 Objects/stm32f4xx_hal_uart.o
 .debug_frame   0x0000000000002c00       0x30 Objects/system_stm32f4xx.o
 .debug_frame   0x0000000000002c30       0x2c /usr/lib/gcc/arm-none-eabi/10.3.1/../../../arm-none-eabi/lib/thumb/v7e-m+fp/hard/libc_nano.a(lib_a-init.o)
 .debug_frame   0x0000000000002c5c       0x2c /usr/lib/gcc/arm-none-eabi/10.3.1/../../../arm-none-eabi/lib/thumb/v7e-m+fp/hard/libc_nano.a(lib_a-memset.o)
 .debug_frame   0x0000000000002c88       0x2c /usr/lib/gcc/arm-none-eabi/10.3.1/thumb/v7e-m+fp/hard/libgcc.a(_aeabi_uldivmod.o)
 .debug_frame   0x0000000000002cb4       0x34 /usr/lib/gcc/arm-none-eabi/10.3.1/thumb/v7e-m+fp/hard/libgcc.a(_udivmoddi4.o)

Cross Reference Table

Symbol                                            File
ADC_IRQHandler                                    Objects/startup_stm32f407xx.o
AHBPrescTable                                     Objects/system_stm32f4xx.o
                                                  Objects/stm32f4xx_hal_rcc.o
APBPrescTable                                     Objects/system_stm32f4xx.o
                                                  Objects/stm32f4xx_hal_rcc.o
BusFault_Handler                                  Objects/stm32f4xx_it.o
CAN1_RX0_IRQHandler                               Objects/startup_stm32f407xx.o
CAN1_RX1_IRQHandler                               Objects/startup_stm32f407xx.o
CAN1_SCE_IRQHandler                               Objects/startup_stm32f407xx.o
CAN1_TX_IRQHandler                                Objects/startup_stm32f407xx.o
CAN2_RX0_IRQHandler                               Objects/startup_stm32f407xx.o
CAN2_RX1_IRQHandler                               Objects/startup_stm32f407xx.o
CAN2_SCE_IRQHandler                               Objects/startup_stm32f407xx.o
CAN2_TX_IRQHandler                                Objects/startup_stm32f407xx.o
DCMI_IRQHandler                                   Objects/startup_stm32f407xx.o
DMA1_Stream0_IRQHandler                           Objects/startup_stm32f407xx.o
DMA1_Stream1_IRQHandler                           Objects/startup_stm32f407xx.o
DMA1_Stream2_IRQHandler                           Objects/startup_stm32f407xx.o
DMA1_Stream3_IRQHandler                           Objects/startup_stm32f407xx.o
DMA1_Stream4_IRQHandler                           Objects/startup_stm32f407xx.o
DMA1_Stream5_IRQHandler                           Objects/startup_stm32f407xx.o
DMA1_Stream6_IRQHandler                           Objects/startup_stm32f407xx.o
DMA1_Stream7_IRQHandler                           Objects/startup_stm32f407xx.o
DMA2_Stream0_IRQHandler                           Objects/startup_stm32f407xx.o
DMA2_Stream1_IRQHandler                           Objects/startup_stm32f407xx.o
DMA2_Stream2_IRQHandler                           Objects/startup_stm32f407xx.o
DMA2_Stream3_IRQHandler                           Objects/startup_stm32f407xx.o
DMA2_Stream4_IRQHandler                           Objects/startup_stm32f407xx.o
DMA2_Stream5_IRQHandler                           Objects/startup_stm32f407xx.o
DMA2_Stream6_IRQHandler                           Objects/startup_stm32f407xx.o
DMA2_Stream7_IRQHandler                           Objects/startup_stm32f407xx.o
DebugMon_Handler                                  Objects/stm32f4xx_it.o
Default_Handler                                   Objects/startup_stm32f407xx.o
ETH_IRQHandler                                    Objects/startup_stm32f407xx.o
ETH_WKUP_IRQHandler                               Objects/startup_stm32f407xx.o
EXTI0_IRQHandler                                  Objects/startup_stm32f407xx.o
EXTI15_10_IRQHandler                              Objects/startup_stm32f407xx.o
EXTI1_IRQHandler                                  Objects/startup_stm32f407xx.o
EXTI2_IRQHandler                                  Objects/startup_stm32f407xx.o
EXTI3_IRQHandler                                  Objects/startup_stm32f407xx.o
EXTI4_IRQHandler                                  Objects/startup_stm32f407xx.o
EXTI9_5_IRQHandler                                Objects/startup_stm32f407xx.o
Error_Handler                                     Objects/main.o
                                                  Objects/usart.o
                                                  Objects/tim.o
                                                  Objects/i2c.o
                                                  Objects/adc.o
FLASH_Erase_Sector                                Objects/stm32f4xx_hal_flash_ex.o
                                                  Objects/stm32f4xx_hal_flash.o
FLASH_FlushCaches                                 Objects/stm32f4xx_hal_flash_ex.o
                                                  Objects/stm32f4xx_hal_flash.o
FLASH_IRQHandler                                  Objects/startup_stm32f407xx.o
FLASH_WaitForLastOperation                        Objects/stm32f4xx_hal_flash.o
                                                  Objects/stm32f4xx_hal_flash_ex.o
FPU_IRQHandler                                    Objects/startup_stm32f407xx.o
FSMC_IRQHandler                                   Objects/startup_stm32f407xx.o
HAL_ADCEx_InjectedConfigChannel                   Objects/stm32f4xx_hal_adc_ex.o
HAL_ADCEx_InjectedConvCpltCallback                Objects/stm32f4xx_hal_adc_ex.o
                                                  Objects/stm32f4xx_hal_adc.o
HAL_ADCEx_InjectedGetValue                        Objects/stm32f4xx_hal_adc_ex.o
HAL_ADCEx_InjectedPollForConversion               Objects/stm32f4xx_hal_adc_ex.o
HAL_ADCEx_InjectedStart                           Objects/stm32f4xx_hal_adc_ex.o
HAL_ADCEx_InjectedStart_IT                        Objects/stm32f4xx_hal_adc_ex.o
HAL_ADCEx_InjectedStop                            Objects/stm32f4xx_hal_adc_ex.o
HAL_ADCEx_InjectedStop_IT                         Objects/stm32f4xx_hal_adc_ex.o
HAL_ADCEx_MultiModeConfigChannel                  Objects/stm32f4xx_hal_adc_ex.o
HAL_ADCEx_MultiModeGetValue                       Objects/stm32f4xx_hal_adc_ex.o
HAL_ADCEx_MultiModeStart_DMA                      Objects/stm32f4xx_hal_adc_ex.o
HAL_ADCEx_MultiModeStop_DMA                       Objects/stm32f4xx_hal_adc_ex.o
HAL_ADC_AnalogWDGConfig                           Objects/stm32f4xx_hal_adc.o
HAL_ADC_ConfigChannel                             Objects/stm32f4xx_hal_adc.o
                                                  Objects/adc.o
HAL_ADC_ConvCpltCallback                          Objects/stm32f4xx_hal_adc.o
                                                  Objects/stm32f4xx_hal_adc_ex.o
HAL_ADC_ConvHalfCpltCallback                      Objects/stm32f4xx_hal_adc.o
                                                  Objects/stm32f4xx_hal_adc_ex.o
HAL_ADC_DeInit                                    Objects/stm32f4xx_hal_adc.o
HAL_ADC_ErrorCallback                             Objects/stm32f4xx_hal_adc.o
                                                  Objects/stm32f4xx_hal_adc_ex.o
HAL_ADC_GetError                                  Objects/stm32f4xx_hal_adc.o
HAL_ADC_GetState                                  Objects/stm32f4xx_hal_adc.o
HAL_ADC_GetValue                                  Objects/stm32f4xx_hal_adc.o
HAL_ADC_IRQHandler                                Objects/stm32f4xx_hal_adc.o
HAL_ADC_Init                                      Objects/stm32f4xx_hal_adc.o
                                                  Objects/adc.o
HAL_ADC_LevelOutOfWindowCallback                  Objects/stm32f4xx_hal_adc.o
HAL_ADC_MspDeInit                                 Objects/adc.o
HAL_ADC_MspInit                                   Objects/adc.o
HAL_ADC_PollForConversion                         Objects/stm32f4xx_hal_adc.o
HAL_ADC_PollForEvent                              Objects/stm32f4xx_hal_adc.o
HAL_ADC_Start                                     Objects/stm32f4xx_hal_adc.o
HAL_ADC_Start_DMA                                 Objects/stm32f4xx_hal_adc.o
HAL_ADC_Start_IT                                  Objects/stm32f4xx_hal_adc.o
HAL_ADC_Stop                                      Objects/stm32f4xx_hal_adc.o
HAL_ADC_Stop_DMA                                  Objects/stm32f4xx_hal_adc.o
HAL_ADC_Stop_IT                                   Objects/stm32f4xx_hal_adc.o
HAL_CORTEX_ClearEvent                             Objects/stm32f4xx_hal_cortex.o
HAL_DBGMCU_DisableDBGSleepMode                    Objects/stm32f4xx_hal.o
HAL_DBGMCU_DisableDBGStandbyMode                  Objects/stm32f4xx_hal.o
HAL_DBGMCU_DisableDBGStopMode                     Objects/stm32f4xx_hal.o
HAL_DBGMCU_EnableDBGSleepMode                     Objects/stm32f4xx_hal.o
HAL_DBGMCU_EnableDBGStandbyMode                   Objects/stm32f4xx_hal.o
HAL_DBGMCU_EnableDBGStopMode                      Objects/stm32f4xx_hal.o
HAL_DMAEx_ChangeMemory                            Objects/stm32f4xx_hal_dma_ex.o
HAL_DMAEx_MultiBufferStart                        Objects/stm32f4xx_hal_dma_ex.o
HAL_DMAEx_MultiBufferStart_IT                     Objects/stm32f4xx_hal_dma_ex.o
HAL_DMA_Abort                                     Objects/stm32f4xx_hal_dma.o
                                                  Objects/stm32f4xx_hal_uart.o
                                                  Objects/stm32f4xx_hal_adc_ex.o
                                                  Objects/stm32f4xx_hal_adc.o
HAL_DMA_Abort_IT                                  Objects/stm32f4xx_hal_dma.o
                                                  Objects/stm32f4xx_hal_uart.o
                                                  Objects/stm32f4xx_hal_tim_ex.o
                                                  Objects/stm32f4xx_hal_tim.o
                                                  Objects/stm32f4xx_hal_i2c.o
HAL_DMA_DeInit                                    Objects/stm32f4xx_hal_dma.o
HAL_DMA_GetError                                  Objects/stm32f4xx_hal_dma.o
                                                  Objects/stm32f4xx_hal_uart.o
                                                  Objects/stm32f4xx_hal_i2c.o
HAL_DMA_GetState                                  Objects/stm32f4xx_hal_dma.o
                                                  Objects/stm32f4xx_hal_i2c.o
HAL_DMA_IRQHandler                                Objects/stm32f4xx_hal_dma.o
HAL_DMA_Init                                      Objects/stm32f4xx_hal_dma.o
HAL_DMA_PollForTransfer                           Objects/stm32f4xx_hal_dma.o
HAL_DMA_RegisterCallback                          Objects/stm32f4xx_hal_dma.o
HAL_DMA_Start                                     Objects/stm32f4xx_hal_dma.o
HAL_DMA_Start_IT                                  Objects/stm32f4xx_hal_dma.o
                                                  Objects/stm32f4xx_hal_uart.o
                                                  Objects/stm32f4xx_hal_tim_ex.o
                                                  Objects/stm32f4xx_hal_tim.o
                                                  Objects/stm32f4xx_hal_i2c.o
                                                  Objects/stm32f4xx_hal_adc_ex.o
                                                  Objects/stm32f4xx_hal_adc.o
HAL_DMA_UnRegisterCallback                        Objects/stm32f4xx_hal_dma.o
HAL_DeInit                                        Objects/stm32f4xx_hal.o
HAL_Delay                                         Objects/stm32f4xx_hal.o
HAL_DisableCompensationCell                       Objects/stm32f4xx_hal.o
HAL_EXTI_ClearConfigLine                          Objects/stm32f4xx_hal_exti.o
HAL_EXTI_ClearPending                             Objects/stm32f4xx_hal_exti.o
HAL_EXTI_GenerateSWI                              Objects/stm32f4xx_hal_exti.o
HAL_EXTI_GetConfigLine                            Objects/stm32f4xx_hal_exti.o
HAL_EXTI_GetHandle                                Objects/stm32f4xx_hal_exti.o
HAL_EXTI_GetPending                               Objects/stm32f4xx_hal_exti.o
HAL_EXTI_IRQHandler                               Objects/stm32f4xx_hal_exti.o
HAL_EXTI_RegisterCallback                         Objects/stm32f4xx_hal_exti.o
HAL_EXTI_SetConfigLine                            Objects/stm32f4xx_hal_exti.o
HAL_EnableCompensationCell                        Objects/stm32f4xx_hal.o
HAL_FLASHEx_Erase                                 Objects/stm32f4xx_hal_flash_ex.o
HAL_FLASHEx_Erase_IT                              Objects/stm32f4xx_hal_flash_ex.o
HAL_FLASHEx_OBGetConfig                           Objects/stm32f4xx_hal_flash_ex.o
HAL_FLASHEx_OBProgram                             Objects/stm32f4xx_hal_flash_ex.o
HAL_FLASH_EndOfOperationCallback                  Objects/stm32f4xx_hal_flash.o
HAL_FLASH_GetError                                Objects/stm32f4xx_hal_flash.o
HAL_FLASH_IRQHandler                              Objects/stm32f4xx_hal_flash.o
HAL_FLASH_Lock                                    Objects/stm32f4xx_hal_flash.o
HAL_FLASH_OB_Launch                               Objects/stm32f4xx_hal_flash.o
HAL_FLASH_OB_Lock                                 Objects/stm32f4xx_hal_flash.o
HAL_FLASH_OB_Unlock                               Objects/stm32f4xx_hal_flash.o
HAL_FLASH_OperationErrorCallback                  Objects/stm32f4xx_hal_flash.o
HAL_FLASH_Program                                 Objects/stm32f4xx_hal_flash.o
HAL_FLASH_Program_IT                              Objects/stm32f4xx_hal_flash.o
HAL_FLASH_Unlock                                  Objects/stm32f4xx_hal_flash.o
HAL_GPIO_DeInit                                   Objects/stm32f4xx_hal_gpio.o
                                                  Objects/usart.o
                                                  Objects/i2c.o
                                                  Objects/adc.o
HAL_GPIO_EXTI_Callback                            Objects/stm32f4xx_hal_gpio.o
HAL_GPIO_EXTI_IRQHandler                          Objects/stm32f4xx_hal_gpio.o
HAL_GPIO_Init                                     Objects/stm32f4xx_hal_gpio.o
                                                  Objects/stm32f4xx_hal_rcc.o
                                                  Objects/usart.o
                                                  Objects/tim.o
                                                  Objects/i2c.o
                                                  Objects/adc.o
                                                  Objects/gpio.o
HAL_GPIO_LockPin                                  Objects/stm32f4xx_hal_gpio.o
HAL_GPIO_ReadPin                                  Objects/stm32f4xx_hal_gpio.o
HAL_GPIO_TogglePin                                Objects/stm32f4xx_hal_gpio.o
HAL_GPIO_WritePin                                 Objects/stm32f4xx_hal_gpio.o
                                                  Objects/gpio.o
HAL_GetDEVID                                      Objects/stm32f4xx_hal.o
HAL_GetHalVersion                                 Objects/stm32f4xx_hal.o
HAL_GetREVID                                      Objects/stm32f4xx_hal.o
HAL_GetTick                                       Objects/stm32f4xx_hal.o
                                                  Objects/stm32f4xx_hal_uart.o
                                                  Objects/stm32f4xx_hal_i2c.o
                                                  Objects/stm32f4xx_hal_pwr_ex.o
                                                  Objects/stm32f4xx_hal_dma.o
                                                  Objects/stm32f4xx_hal_flash.o
                                                  Objects/stm32f4xx_hal_rcc_ex.o
                                                  Objects/stm32f4xx_hal_rcc.o
                                                  Objects/stm32f4xx_hal_adc_ex.o
                                                  Objects/stm32f4xx_hal_adc.o
HAL_GetTickFreq                                   Objects/stm32f4xx_hal.o
HAL_GetTickPrio                                   Objects/stm32f4xx_hal.o
HAL_GetUIDw0                                      Objects/stm32f4xx_hal.o
HAL_GetUIDw1                                      Objects/stm32f4xx_hal.o
HAL_GetUIDw2                                      Objects/stm32f4xx_hal.o
HAL_HalfDuplex_EnableReceiver                     Objects/stm32f4xx_hal_uart.o
HAL_HalfDuplex_EnableTransmitter                  Objects/stm32f4xx_hal_uart.o
HAL_HalfDuplex_Init                               Objects/stm32f4xx_hal_uart.o
HAL_I2C_AbortCpltCallback                         Objects/stm32f4xx_hal_i2c.o
HAL_I2C_AddrCallback                              Objects/stm32f4xx_hal_i2c.o
HAL_I2C_DeInit                                    Objects/stm32f4xx_hal_i2c.o
HAL_I2C_DisableListen_IT                          Objects/stm32f4xx_hal_i2c.o
HAL_I2C_ER_IRQHandler                             Objects/stm32f4xx_hal_i2c.o
HAL_I2C_EV_IRQHandler                             Objects/stm32f4xx_hal_i2c.o
HAL_I2C_EnableListen_IT                           Objects/stm32f4xx_hal_i2c.o
HAL_I2C_ErrorCallback                             Objects/stm32f4xx_hal_i2c.o
HAL_I2C_GetError                                  Objects/stm32f4xx_hal_i2c.o
HAL_I2C_GetMode                                   Objects/stm32f4xx_hal_i2c.o
HAL_I2C_GetState                                  Objects/stm32f4xx_hal_i2c.o
HAL_I2C_Init                                      Objects/stm32f4xx_hal_i2c.o
                                                  Objects/i2c.o
HAL_I2C_IsDeviceReady                             Objects/stm32f4xx_hal_i2c.o
HAL_I2C_ListenCpltCallback                        Objects/stm32f4xx_hal_i2c.o
HAL_I2C_MasterRxCpltCallback                      Objects/stm32f4xx_hal_i2c.o
HAL_I2C_MasterTxCpltCallback                      Objects/stm32f4xx_hal_i2c.o
HAL_I2C_Master_Abort_IT                           Objects/stm32f4xx_hal_i2c.o
HAL_I2C_Master_Receive                            Objects/stm32f4xx_hal_i2c.o
HAL_I2C_Master_Receive_DMA                        Objects/stm32f4xx_hal_i2c.o
HAL_I2C_Master_Receive_IT                         Objects/stm32f4xx_hal_i2c.o
HAL_I2C_Master_Seq_Receive_DMA                    Objects/stm32f4xx_hal_i2c.o
HAL_I2C_Master_Seq_Receive_IT                     Objects/stm32f4xx_hal_i2c.o
HAL_I2C_Master_Seq_Transmit_DMA                   Objects/stm32f4xx_hal_i2c.o
HAL_I2C_Master_Seq_Transmit_IT                    Objects/stm32f4xx_hal_i2c.o
HAL_I2C_Master_Transmit                           Objects/stm32f4xx_hal_i2c.o
HAL_I2C_Master_Transmit_DMA                       Objects/stm32f4xx_hal_i2c.o
HAL_I2C_Master_Transmit_IT                        Objects/stm32f4xx_hal_i2c.o
HAL_I2C_MemRxCpltCallback                         Objects/stm32f4xx_hal_i2c.o
HAL_I2C_MemTxCpltCallback                         Objects/stm32f4xx_hal_i2c.o
HAL_I2C_Mem_Read                                  Objects/stm32f4xx_hal_i2c.o
HAL_I2C_Mem_Read_DMA                              Objects/stm32f4xx_hal_i2c.o
HAL_I2C_Mem_Read_IT                               Objects/stm32f4xx_hal_i2c.o
HAL_I2C_Mem_Write                                 Objects/stm32f4xx_hal_i2c.o
HAL_I2C_Mem_Write_DMA                             Objects/stm32f4xx_hal_i2c.o
HAL_I2C_Mem_Write_IT                              Objects/stm32f4xx_hal_i2c.o
HAL_I2C_MspDeInit                                 Objects/i2c.o
HAL_I2C_MspInit                                   Objects/i2c.o
HAL_I2C_SlaveRxCpltCallback                       Objects/stm32f4xx_hal_i2c.o
HAL_I2C_SlaveTxCpltCallback                       Objects/stm32f4xx_hal_i2c.o
HAL_I2C_Slave_Receive                             Objects/stm32f4xx_hal_i2c.o
HAL_I2C_Slave_Receive_DMA                         Objects/stm32f4xx_hal_i2c.o
HAL_I2C_Slave_Receive_IT                          Objects/stm32f4xx_hal_i2c.o
HAL_I2C_Slave_Seq_Receive_DMA                     Objects/stm32f4xx_hal_i2c.o
HAL_I2C_Slave_Seq_Receive_IT                      Objects/stm32f4xx_hal_i2c.o
HAL_I2C_Slave_Seq_Transmit_DMA                    Objects/stm32f4xx_hal_i2c.o
HAL_I2C_Slave_Seq_Transmit_IT                     Objects/stm32f4xx_hal_i2c.o
HAL_I2C_Slave_Transmit                            Objects/stm32f4xx_hal_i2c.o
HAL_I2C_Slave_Transmit_DMA                        Objects/stm32f4xx_hal_i2c.o
HAL_I2C_Slave_Transmit_IT                         Objects/stm32f4xx_hal_i2c.o
HAL_IncTick                                       Objects/stm32f4xx_hal.o
                                                  Objects/stm32f4xx_it.o
HAL_Init                                          Objects/stm32f4xx_hal.o
                                                  Objects/main.o
HAL_InitTick                                      Objects/stm32f4xx_hal.o
                                                  Objects/stm32f4xx_hal_rcc_ex.o
                                                  Objects/stm32f4xx_hal_rcc.o
HAL_LIN_Init                                      Objects/stm32f4xx_hal_uart.o
HAL_LIN_SendBreak                                 Objects/stm32f4xx_hal_uart.o
HAL_MPU_ConfigRegion                              Objects/stm32f4xx_hal_cortex.o
HAL_MPU_Disable                                   Objects/stm32f4xx_hal_cortex.o
HAL_MPU_DisableRegion                             Objects/stm32f4xx_hal_cortex.o
HAL_MPU_Enable                                    Objects/stm32f4xx_hal_cortex.o
HAL_MPU_EnableRegion                              Objects/stm32f4xx_hal_cortex.o
HAL_MspDeInit                                     Objects/stm32f4xx_hal.o
HAL_MspInit                                       Objects/stm32f4xx_hal_msp.o
HAL_MultiProcessor_EnterMuteMode                  Objects/stm32f4xx_hal_uart.o
HAL_MultiProcessor_ExitMuteMode                   Objects/stm32f4xx_hal_uart.o
HAL_MultiProcessor_Init                           Objects/stm32f4xx_hal_uart.o
HAL_NVIC_ClearPendingIRQ                          Objects/stm32f4xx_hal_cortex.o
HAL_NVIC_DisableIRQ                               Objects/stm32f4xx_hal_cortex.o
                                                  Objects/usart.o
                                                  Objects/tim.o
HAL_NVIC_EnableIRQ                                Objects/stm32f4xx_hal_cortex.o
                                                  Objects/usart.o
                                                  Objects/tim.o
HAL_NVIC_GetActive                                Objects/stm32f4xx_hal_cortex.o
HAL_NVIC_GetPendingIRQ                            Objects/stm32f4xx_hal_cortex.o
HAL_NVIC_GetPriority                              Objects/stm32f4xx_hal_cortex.o
HAL_NVIC_GetPriorityGrouping                      Objects/stm32f4xx_hal_cortex.o
HAL_NVIC_SetPendingIRQ                            Objects/stm32f4xx_hal_cortex.o
HAL_NVIC_SetPriority                              Objects/stm32f4xx_hal_cortex.o
                                                  Objects/stm32f4xx_hal.o
                                                  Objects/usart.o
                                                  Objects/tim.o
HAL_NVIC_SetPriorityGrouping                      Objects/stm32f4xx_hal_cortex.o
                                                  Objects/stm32f4xx_hal.o
HAL_NVIC_SystemReset                              Objects/stm32f4xx_hal_cortex.o
HAL_PWREx_ControlVoltageScaling                   Objects/stm32f4xx_hal_pwr_ex.o
HAL_PWREx_DisableBkUpReg                          Objects/stm32f4xx_hal_pwr_ex.o
HAL_PWREx_DisableFlashPowerDown                   Objects/stm32f4xx_hal_pwr_ex.o
HAL_PWREx_EnableBkUpReg                           Objects/stm32f4xx_hal_pwr_ex.o
HAL_PWREx_EnableFlashPowerDown                    Objects/stm32f4xx_hal_pwr_ex.o
HAL_PWREx_GetVoltageRange                         Objects/stm32f4xx_hal_pwr_ex.o
HAL_PWR_ConfigPVD                                 Objects/stm32f4xx_hal_pwr.o
HAL_PWR_DeInit                                    Objects/stm32f4xx_hal_pwr.o
HAL_PWR_DisableBkUpAccess                         Objects/stm32f4xx_hal_pwr.o
HAL_PWR_DisablePVD                                Objects/stm32f4xx_hal_pwr.o
HAL_PWR_DisableSEVOnPend                          Objects/stm32f4xx_hal_pwr.o
HAL_PWR_DisableSleepOnExit                        Objects/stm32f4xx_hal_pwr.o
HAL_PWR_DisableWakeUpPin                          Objects/stm32f4xx_hal_pwr.o
HAL_PWR_EnableBkUpAccess                          Objects/stm32f4xx_hal_pwr.o
HAL_PWR_EnablePVD                                 Objects/stm32f4xx_hal_pwr.o
HAL_PWR_EnableSEVOnPend                           Objects/stm32f4xx_hal_pwr.o
HAL_PWR_EnableSleepOnExit                         Objects/stm32f4xx_hal_pwr.o
HAL_PWR_EnableWakeUpPin                           Objects/stm32f4xx_hal_pwr.o
HAL_PWR_EnterSLEEPMode                            Objects/stm32f4xx_hal_pwr.o
HAL_PWR_EnterSTANDBYMode                          Objects/stm32f4xx_hal_pwr.o
HAL_PWR_EnterSTOPMode                             Objects/stm32f4xx_hal_pwr.o
HAL_PWR_PVDCallback                               Objects/stm32f4xx_hal_pwr.o
HAL_PWR_PVD_IRQHandler                            Objects/stm32f4xx_hal_pwr.o
HAL_RCCEx_DisablePLLI2S                           Objects/stm32f4xx_hal_rcc_ex.o
HAL_RCCEx_EnablePLLI2S                            Objects/stm32f4xx_hal_rcc_ex.o
HAL_RCCEx_GetPeriphCLKConfig                      Objects/stm32f4xx_hal_rcc_ex.o
HAL_RCCEx_GetPeriphCLKFreq                        Objects/stm32f4xx_hal_rcc_ex.o
HAL_RCCEx_PeriphCLKConfig                         Objects/stm32f4xx_hal_rcc_ex.o
HAL_RCC_CSSCallback                               Objects/stm32f4xx_hal_rcc.o
HAL_RCC_ClockConfig                               Objects/stm32f4xx_hal_rcc.o
                                                  Objects/main.o
HAL_RCC_DeInit                                    Objects/stm32f4xx_hal_rcc_ex.o
                                                  Objects/stm32f4xx_hal_rcc.o
HAL_RCC_DisableCSS                                Objects/stm32f4xx_hal_rcc.o
HAL_RCC_EnableCSS                                 Objects/stm32f4xx_hal_rcc.o
HAL_RCC_GetClockConfig                            Objects/stm32f4xx_hal_rcc.o
HAL_RCC_GetHCLKFreq                               Objects/stm32f4xx_hal_rcc.o
HAL_RCC_GetOscConfig                              Objects/stm32f4xx_hal_rcc.o
HAL_RCC_GetPCLK1Freq                              Objects/stm32f4xx_hal_rcc.o
                                                  Objects/stm32f4xx_hal_uart.o
                                                  Objects/stm32f4xx_hal_i2c.o
HAL_RCC_GetPCLK2Freq                              Objects/stm32f4xx_hal_rcc.o
                                                  Objects/stm32f4xx_hal_uart.o
HAL_RCC_GetSysClockFreq                           Objects/stm32f4xx_hal_rcc.o
HAL_RCC_MCOConfig                                 Objects/stm32f4xx_hal_rcc.o
HAL_RCC_NMI_IRQHandler                            Objects/stm32f4xx_hal_rcc.o
HAL_RCC_OscConfig                                 Objects/stm32f4xx_hal_rcc.o
                                                  Objects/main.o
HAL_ResumeTick                                    Objects/stm32f4xx_hal.o
HAL_SYSTICK_CLKSourceConfig                       Objects/stm32f4xx_hal_cortex.o
HAL_SYSTICK_Callback                              Objects/stm32f4xx_hal_cortex.o
HAL_SYSTICK_Config                                Objects/stm32f4xx_hal_cortex.o
                                                  Objects/stm32f4xx_hal.o
HAL_SYSTICK_IRQHandler                            Objects/stm32f4xx_hal_cortex.o
HAL_SetTickFreq                                   Objects/stm32f4xx_hal.o
HAL_SuspendTick                                   Objects/stm32f4xx_hal.o
HAL_TIMEx_BreakCallback                           Objects/stm32f4xx_hal_tim_ex.o
                                                  Objects/stm32f4xx_hal_tim.o
HAL_TIMEx_CommutCallback                          Objects/stm32f4xx_hal_tim_ex.o
                                                  Objects/stm32f4xx_hal_tim.o
HAL_TIMEx_CommutHalfCpltCallback                  Objects/stm32f4xx_hal_tim_ex.o
HAL_TIMEx_ConfigBreakDeadTime                     Objects/stm32f4xx_hal_tim_ex.o
HAL_TIMEx_ConfigCommutEvent                       Objects/stm32f4xx_hal_tim_ex.o
HAL_TIMEx_ConfigCommutEvent_DMA                   Objects/stm32f4xx_hal_tim_ex.o
HAL_TIMEx_ConfigCommutEvent_IT                    Objects/stm32f4xx_hal_tim_ex.o
HAL_TIMEx_GetChannelNState                        Objects/stm32f4xx_hal_tim_ex.o
HAL_TIMEx_HallSensor_DeInit                       Objects/stm32f4xx_hal_tim_ex.o
HAL_TIMEx_HallSensor_GetState                     Objects/stm32f4xx_hal_tim_ex.o
HAL_TIMEx_HallSensor_Init                         Objects/stm32f4xx_hal_tim_ex.o
HAL_TIMEx_HallSensor_MspDeInit                    Objects/stm32f4xx_hal_tim_ex.o
HAL_TIMEx_HallSensor_MspInit                      Objects/stm32f4xx_hal_tim_ex.o
HAL_TIMEx_HallSensor_Start                        Objects/stm32f4xx_hal_tim_ex.o
HAL_TIMEx_HallSensor_Start_DMA                    Objects/stm32f4xx_hal_tim_ex.o
HAL_TIMEx_HallSensor_Start_IT                     Objects/stm32f4xx_hal_tim_ex.o
HAL_TIMEx_HallSensor_Stop                         Objects/stm32f4xx_hal_tim_ex.o
HAL_TIMEx_HallSensor_Stop_DMA                     Objects/stm32f4xx_hal_tim_ex.o
HAL_TIMEx_HallSensor_Stop_IT                      Objects/stm32f4xx_hal_tim_ex.o
HAL_TIMEx_MasterConfigSynchronization             Objects/stm32f4xx_hal_tim_ex.o
                                                  Objects/tim.o
HAL_TIMEx_OCN_Start                               Objects/stm32f4xx_hal_tim_ex.o
HAL_TIMEx_OCN_Start_DMA                           Objects/stm32f4xx_hal_tim_ex.o
HAL_TIMEx_OCN_Start_IT                            Objects/stm32f4xx_hal_tim_ex.o
HAL_TIMEx_OCN_Stop                                Objects/stm32f4xx_hal_tim_ex.o
HAL_TIMEx_OCN_Stop_DMA                            Objects/stm32f4xx_hal_tim_ex.o
HAL_TIMEx_OCN_Stop_IT                             Objects/stm32f4xx_hal_tim_ex.o
HAL_TIMEx_OnePulseN_Start                         Objects/stm32f4xx_hal_tim_ex.o
HAL_TIMEx_OnePulseN_Start_IT                      Objects/stm32f4xx_hal_tim_ex.o
HAL_TIMEx_OnePulseN_Stop                          Objects/stm32f4xx_hal_tim_ex.o
HAL_TIMEx_OnePulseN_Stop_IT                       Objects/stm32f4xx_hal_tim_ex.o
HAL_TIMEx_PWMN_Start                              Objects/stm32f4xx_hal_tim_ex.o
HAL_TIMEx_PWMN_Start_DMA                          Objects/stm32f4xx_hal_tim_ex.o
HAL_TIMEx_PWMN_Start_IT                           Objects/stm32f4xx_hal_tim_ex.o
HAL_TIMEx_PWMN_Stop                               Objects/stm32f4xx_hal_tim_ex.o
HAL_TIMEx_PWMN_Stop_DMA                           Objects/stm32f4xx_hal_tim_ex.o
HAL_TIMEx_PWMN_Stop_IT                            Objects/stm32f4xx_hal_tim_ex.o
HAL_TIMEx_RemapConfig                             Objects/stm32f4xx_hal_tim_ex.o
HAL_TIM_Base_DeInit                               Objects/stm32f4xx_hal_tim.o
HAL_TIM_Base_GetState                             Objects/stm32f4xx_hal_tim.o
HAL_TIM_Base_Init                                 Objects/stm32f4xx_hal_tim.o
                                                  Objects/tim.o
HAL_TIM_Base_MspDeInit                            Objects/tim.o
HAL_TIM_Base_MspInit                              Objects/tim.o
HAL_TIM_Base_Start                                Objects/stm32f4xx_hal_tim.o
HAL_TIM_Base_Start_DMA                            Objects/stm32f4xx_hal_tim.o
HAL_TIM_Base_Start_IT                             Objects/stm32f4xx_hal_tim.o
HAL_TIM_Base_Stop                                 Objects/stm32f4xx_hal_tim.o
HAL_TIM_Base_Stop_DMA                             Objects/stm32f4xx_hal_tim.o
HAL_TIM_Base_Stop_IT                              Objects/stm32f4xx_hal_tim.o
HAL_TIM_ConfigClockSource                         Objects/stm32f4xx_hal_tim.o
                                                  Objects/tim.o
HAL_TIM_ConfigOCrefClear                          Objects/stm32f4xx_hal_tim.o
HAL_TIM_ConfigTI1Input                            Objects/stm32f4xx_hal_tim.o
HAL_TIM_DMABurstState                             Objects/stm32f4xx_hal_tim.o
HAL_TIM_DMABurst_MultiReadStart                   Objects/stm32f4xx_hal_tim.o
HAL_TIM_DMABurst_MultiWriteStart                  Objects/stm32f4xx_hal_tim.o
HAL_TIM_DMABurst_ReadStart                        Objects/stm32f4xx_hal_tim.o
HAL_TIM_DMABurst_ReadStop                         Objects/stm32f4xx_hal_tim.o
HAL_TIM_DMABurst_WriteStart                       Objects/stm32f4xx_hal_tim.o
HAL_TIM_DMABurst_WriteStop                        Objects/stm32f4xx_hal_tim.o
HAL_TIM_Encoder_DeInit                            Objects/stm32f4xx_hal_tim.o
HAL_TIM_Encoder_GetState                          Objects/stm32f4xx_hal_tim.o
HAL_TIM_Encoder_Init                              Objects/stm32f4xx_hal_tim.o
HAL_TIM_Encoder_MspDeInit                         Objects/stm32f4xx_hal_tim.o
HAL_TIM_Encoder_MspInit                           Objects/stm32f4xx_hal_tim.o
HAL_TIM_Encoder_Start                             Objects/stm32f4xx_hal_tim.o
HAL_TIM_Encoder_Start_DMA                         Objects/stm32f4xx_hal_tim.o
HAL_TIM_Encoder_Start_IT                          Objects/stm32f4xx_hal_tim.o
HAL_TIM_Encoder_Stop                              Objects/stm32f4xx_hal_tim.o
HAL_TIM_Encoder_Stop_DMA                          Objects/stm32f4xx_hal_tim.o
HAL_TIM_Encoder_Stop_IT                           Objects/stm32f4xx_hal_tim.o
HAL_TIM_ErrorCallback                             Objects/stm32f4xx_hal_tim.o
                                                  Objects/stm32f4xx_hal_tim_ex.o
HAL_TIM_GenerateEvent                             Objects/stm32f4xx_hal_tim.o
HAL_TIM_GetActiveChannel                          Objects/stm32f4xx_hal_tim.o
HAL_TIM_GetChannelState                           Objects/stm32f4xx_hal_tim.o
HAL_TIM_IC_CaptureCallback                        Objects/stm32f4xx_hal_tim.o
HAL_TIM_IC_CaptureHalfCpltCallback                Objects/stm32f4xx_hal_tim.o
HAL_TIM_IC_ConfigChannel                          Objects/stm32f4xx_hal_tim.o
HAL_TIM_IC_DeInit                                 Objects/stm32f4xx_hal_tim.o
HAL_TIM_IC_GetState                               Objects/stm32f4xx_hal_tim.o
HAL_TIM_IC_Init                                   Objects/stm32f4xx_hal_tim.o
HAL_TIM_IC_MspDeInit                              Objects/stm32f4xx_hal_tim.o
HAL_TIM_IC_MspInit                                Objects/stm32f4xx_hal_tim.o
HAL_TIM_IC_Start                                  Objects/stm32f4xx_hal_tim.o
HAL_TIM_IC_Start_DMA                              Objects/stm32f4xx_hal_tim.o
HAL_TIM_IC_Start_IT                               Objects/stm32f4xx_hal_tim.o
HAL_TIM_IC_Stop                                   Objects/stm32f4xx_hal_tim.o
HAL_TIM_IC_Stop_DMA                               Objects/stm32f4xx_hal_tim.o
HAL_TIM_IC_Stop_IT                                Objects/stm32f4xx_hal_tim.o
HAL_TIM_IRQHandler                                Objects/stm32f4xx_hal_tim.o
                                                  Objects/stm32f4xx_it.o
HAL_TIM_MspPostInit                               Objects/tim.o
HAL_TIM_OC_ConfigChannel                          Objects/stm32f4xx_hal_tim.o
HAL_TIM_OC_DeInit                                 Objects/stm32f4xx_hal_tim.o
HAL_TIM_OC_DelayElapsedCallback                   Objects/stm32f4xx_hal_tim.o
HAL_TIM_OC_GetState                               Objects/stm32f4xx_hal_tim.o
HAL_TIM_OC_Init                                   Objects/stm32f4xx_hal_tim.o
HAL_TIM_OC_MspDeInit                              Objects/stm32f4xx_hal_tim.o
HAL_TIM_OC_MspInit                                Objects/stm32f4xx_hal_tim.o
HAL_TIM_OC_Start                                  Objects/stm32f4xx_hal_tim.o
HAL_TIM_OC_Start_DMA                              Objects/stm32f4xx_hal_tim.o
HAL_TIM_OC_Start_IT                               Objects/stm32f4xx_hal_tim.o
HAL_TIM_OC_Stop                                   Objects/stm32f4xx_hal_tim.o
HAL_TIM_OC_Stop_DMA                               Objects/stm32f4xx_hal_tim.o
HAL_TIM_OC_Stop_IT                                Objects/stm32f4xx_hal_tim.o
HAL_TIM_OnePulse_ConfigChannel                    Objects/stm32f4xx_hal_tim.o
HAL_TIM_OnePulse_DeInit                           Objects/stm32f4xx_hal_tim.o
HAL_TIM_OnePulse_GetState                         Objects/stm32f4xx_hal_tim.o
HAL_TIM_OnePulse_Init                             Objects/stm32f4xx_hal_tim.o
HAL_TIM_OnePulse_MspDeInit                        Objects/stm32f4xx_hal_tim.o
HAL_TIM_OnePulse_MspInit                          Objects/stm32f4xx_hal_tim.o
HAL_TIM_OnePulse_Start                            Objects/stm32f4xx_hal_tim.o
HAL_TIM_OnePulse_Start_IT                         Objects/stm32f4xx_hal_tim.o
HAL_TIM_OnePulse_Stop                             Objects/stm32f4xx_hal_tim.o
HAL_TIM_OnePulse_Stop_IT                          Objects/stm32f4xx_hal_tim.o
HAL_TIM_PWM_ConfigChannel                         Objects/stm32f4xx_hal_tim.o
                                                  Objects/tim.o
HAL_TIM_PWM_DeInit                                Objects/stm32f4xx_hal_tim.o
HAL_TIM_PWM_GetState                              Objects/stm32f4xx_hal_tim.o
HAL_TIM_PWM_Init                                  Objects/stm32f4xx_hal_tim.o
                                                  Objects/tim.o
HAL_TIM_PWM_MspDeInit                             Objects/tim.o
HAL_TIM_PWM_MspInit                               Objects/tim.o
HAL_TIM_PWM_PulseFinishedCallback                 Objects/stm32f4xx_hal_tim.o
                                                  Objects/stm32f4xx_hal_tim_ex.o
HAL_TIM_PWM_PulseFinishedHalfCpltCallback         Objects/stm32f4xx_hal_tim.o
HAL_TIM_PWM_Start                                 Objects/stm32f4xx_hal_tim.o
HAL_TIM_PWM_Start_DMA                             Objects/stm32f4xx_hal_tim.o
HAL_TIM_PWM_Start_IT                              Objects/stm32f4xx_hal_tim.o
HAL_TIM_PWM_Stop                                  Objects/stm32f4xx_hal_tim.o
HAL_TIM_PWM_Stop_DMA                              Objects/stm32f4xx_hal_tim.o
HAL_TIM_PWM_Stop_IT                               Objects/stm32f4xx_hal_tim.o
HAL_TIM_PeriodElapsedCallback                     Objects/stm32f4xx_hal_tim.o
HAL_TIM_PeriodElapsedHalfCpltCallback             Objects/stm32f4xx_hal_tim.o
HAL_TIM_ReadCapturedValue                         Objects/stm32f4xx_hal_tim.o
HAL_TIM_SlaveConfigSynchro                        Objects/stm32f4xx_hal_tim.o
HAL_TIM_SlaveConfigSynchro_IT                     Objects/stm32f4xx_hal_tim.o
HAL_TIM_TriggerCallback                           Objects/stm32f4xx_hal_tim.o
HAL_TIM_TriggerHalfCpltCallback                   Objects/stm32f4xx_hal_tim.o
HAL_UARTEx_GetRxEventType                         Objects/stm32f4xx_hal_uart.o
HAL_UARTEx_ReceiveToIdle                          Objects/stm32f4xx_hal_uart.o
HAL_UARTEx_ReceiveToIdle_DMA                      Objects/stm32f4xx_hal_uart.o
HAL_UARTEx_ReceiveToIdle_IT                       Objects/stm32f4xx_hal_uart.o
HAL_UARTEx_RxEventCallback                        Objects/stm32f4xx_hal_uart.o
HAL_UART_Abort                                    Objects/stm32f4xx_hal_uart.o
HAL_UART_AbortCpltCallback                        Objects/stm32f4xx_hal_uart.o
HAL_UART_AbortReceive                             Objects/stm32f4xx_hal_uart.o
HAL_UART_AbortReceiveCpltCallback                 Objects/stm32f4xx_hal_uart.o
HAL_UART_AbortReceive_IT                          Objects/stm32f4xx_hal_uart.o
HAL_UART_AbortTransmit                            Objects/stm32f4xx_hal_uart.o
HAL_UART_AbortTransmitCpltCallback                Objects/stm32f4xx_hal_uart.o
HAL_UART_AbortTransmit_IT                         Objects/stm32f4xx_hal_uart.o
HAL_UART_Abort_IT                                 Objects/stm32f4xx_hal_uart.o
HAL_UART_DMAPause                                 Objects/stm32f4xx_hal_uart.o
HAL_UART_DMAResume                                Objects/stm32f4xx_hal_uart.o
HAL_UART_DMAStop                                  Objects/stm32f4xx_hal_uart.o
HAL_UART_DeInit                                   Objects/stm32f4xx_hal_uart.o